2026-03-09 01:53:37,706 [PROCESSOR] [INFO] Evento procesado: Position - Placa TYB-818
2026-03-09 01:53:37,834 [PROCESSOR] [INFO] Evento procesado: Position - Placa FRW-287
2026-03-09 01:53:37,836 [PROCESSOR] [INFO] Evento procesado: Position - Placa DSR-200
2026-03-09 01:53:37,841 [PROCESSOR] [INFO] Evento procesado: Position - Placa ZLD-376
2026-03-09 01:53:37,836 [PROCESSOR] [INFO] Evento procesado: Position - Placa IMK-422
2026-03-09 01:53:37,844 [PROCESSOR] [INFO] Evento procesado: Position - Placa SOI-230
2026-03-09 01:53:37,841 [PROCESSOR] [INFO] Evento procesado: Position - Placa UOL-307
2026-03-09 01:53:37,846 [PROCESSOR] [INFO] Evento procesado: Position - Placa QEB-157
2026-03-09 01:53:37,847 [PROCESSOR] [INFO] Evento procesado: Position - Placa ISD-035
2026-03-09 01:53:37,849 [PROCESSOR] [INFO] Evento procesado: Position - Placa AYX-271
2026-03-09 01:53:37,867 [PROCESSOR] [INFO] Evento procesado: Position - Placa QAH-409
2026-03-09 01:53:37,929 [PROCESSOR] [INFO] Evento procesado: Position - Placa WQF-640
2026-03-09 01:53:37,941 [PROCESSOR] [INFO] Evento procesado: Position - Placa ZTR-833
2026-03-09 01:53:37,942 [PROCESSOR] [INFO] Evento procesado: Position - Placa MTP-434
2026-03-09 01:53:37,943 [PROCESSOR] [INFO] Evento procesado: Position - Placa KIO-696
2026-03-09 01:53:37,945 [PROCESSOR] [INFO] Evento procesado: Position - Placa NNG-849
2026-03-09 01:53:37,947 [PROCESSOR] [INFO] Evento procesado: Position - Placa RQH-661
2026-03-09 01:53:37,951 [PROCESSOR] [INFO] Evento procesado: Position - Placa CUQ-620
2026-03-09 01:53:37,951 [PROCESSOR] [INFO] Evento procesado: Position - Placa RSI-202
2026-03-09 01:53:37,971 [PROCESSOR] [INFO] Evento procesado: Position - Placa CSI-804
2026-03-09 01:53:37,982 [PROCESSOR] [INFO] Evento procesado: Position - Placa YCI-566
2026-03-09 01:53:38,033 [PROCESSOR] [INFO] Evento procesado: Position - Placa XMX-537
2026-03-09 01:53:38,051 [PROCESSOR] [INFO] Evento procesado: Position - Placa TRK-428
2026-03-09 01:53:38,054 [PROCESSOR] [INFO] Evento procesado: Position - Placa NTH-065
2026-03-09 01:53:38,055 [PROCESSOR] [INFO] Evento procesado: Position - Placa LXA-211
2026-03-09 01:53:38,055 [PROCESSOR] [INFO] Evento procesado: Position - Placa ZWD-395
2026-03-09 01:53:38,057 [PROCESSOR] [INFO] Evento procesado: Position - Placa PMH-748
2026-03-09 01:53:38,058 [PROCESSOR] [INFO] Evento procesado: Position - Placa FIE-920
2026-03-09 01:53:38,068 [PROCESSOR] [INFO] Evento procesado: Position - Placa MNU-157
2026-03-09 01:53:38,073 [PROCESSOR] [INFO] Evento procesado: Position - Placa FWL-463
2026-03-09 01:53:38,084 [PROCESSOR] [INFO] Evento procesado: Position - Placa BCP-775
2026-03-09 01:53:38,137 [PROCESSOR] [INFO] Evento procesado: Position - Placa VVQ-500
2026-03-09 01:53:38,157 [PROCESSOR] [INFO] Evento procesado: Position - Placa XXI-017
2026-03-09 01:53:38,159 [PROCESSOR] [INFO] Evento procesado: Position - Placa DOP-245
2026-03-09 01:53:38,160 [PROCESSOR] [INFO] Evento procesado: Position - Placa GHV-884
2026-03-09 01:53:38,161 [PROCESSOR] [INFO] Evento procesado: Position - Placa XUQ-751
2026-03-09 01:53:38,161 [PROCESSOR] [INFO] Evento procesado: Position - Placa UDJ-294
2026-03-09 01:53:38,163 [PROCESSOR] [INFO] Evento procesado: Position - Placa NQK-425
2026-03-09 01:53:38,171 [PROCESSOR] [INFO] Evento procesado: Position - Placa BJI-724
2026-03-09 01:53:38,176 [PROCESSOR] [INFO] Evento procesado: Position - Placa SBY-674
2026-03-09 01:53:38,187 [PROCESSOR] [INFO] Evento procesado: Position - Placa MYM-321
2026-03-09 01:53:38,240 [PROCESSOR] [INFO] Evento procesado: Position - Placa CIE-060
2026-03-09 01:53:38,260 [PROCESSOR] [INFO] Evento procesado: Position - Placa UYL-060
2026-03-09 01:53:38,262 [PROCESSOR] [INFO] Evento procesado: Position - Placa OTO-953
2026-03-09 01:53:38,264 [PROCESSOR] [INFO] Evento procesado: Position - Placa VKZ-454
2026-03-09 01:53:38,264 [PROCESSOR] [INFO] Evento procesado: Position - Placa WPE-195
2026-03-09 01:53:38,265 [PROCESSOR] [INFO] Evento procesado: Position - Placa ERR-883
2026-03-09 01:53:38,267 [PROCESSOR] [INFO] Evento procesado: Position - Placa JPY-417
2026-03-09 01:53:38,274 [PROCESSOR] [INFO] Evento procesado: Position - Placa AKM-404
2026-03-09 01:53:38,278 [PROCESSOR] [INFO] Evento procesado: Position - Placa ODF-051
2026-03-09 01:53:38,290 [PROCESSOR] [INFO] Evento procesado: Position - Placa YDA-321
2026-03-09 01:53:38,341 [PROCESSOR] [INFO] Evento procesado: Position - Placa PWF-659
2026-03-09 01:53:38,367 [PROCESSOR] [INFO] Evento procesado: Position - Placa OHQ-167
2026-03-09 01:53:38,367 [PROCESSOR] [INFO] Evento procesado: Position - Placa TBL-217
2026-03-09 01:53:38,372 [PROCESSOR] [INFO] Evento procesado: Position - Placa JJG-889
2026-03-09 01:53:38,372 [PROCESSOR] [INFO] Evento procesado: Position - Placa MPO-448
2026-03-09 01:53:38,372 [PROCESSOR] [INFO] Evento procesado: Position - Placa XAD-084
2026-03-09 01:53:38,378 [PROCESSOR] [INFO] Evento procesado: Position - Placa YWP-241
2026-03-09 01:53:38,379 [PROCESSOR] [INFO] Evento procesado: Position - Placa EAI-018
2026-03-09 01:53:38,383 [PROCESSOR] [INFO] Evento procesado: Position - Placa VPC-446
2026-03-09 01:53:38,392 [PROCESSOR] [INFO] Evento procesado: Position - Placa KDP-156
2026-03-09 01:53:38,445 [PROCESSOR] [INFO] Evento procesado: Position - Placa UMD-690
2026-03-09 01:53:38,473 [PROCESSOR] [INFO] Evento procesado: Position - Placa JAL-589
2026-03-09 01:53:38,476 [PROCESSOR] [INFO] Evento procesado: Position - Placa KDZ-451
2026-03-09 01:53:38,478 [PROCESSOR] [INFO] Evento procesado: Position - Placa TUV-901
2026-03-09 01:53:38,480 [PROCESSOR] [INFO] Evento procesado: Position - Placa YYN-712
2026-03-09 01:53:38,481 [PROCESSOR] [INFO] Evento procesado: Position - Placa HCY-446
2026-03-09 01:53:38,482 [PROCESSOR] [INFO] Evento procesado: Position - Placa EHP-527
2026-03-09 01:53:38,483 [PROCESSOR] [INFO] Evento procesado: Position - Placa NTF-663
2026-03-09 01:53:38,486 [PROCESSOR] [INFO] Evento procesado: Position - Placa KZC-664
2026-03-09 01:53:38,497 [PROCESSOR] [INFO] Evento procesado: Position - Placa VPV-110
2026-03-09 01:53:38,552 [PROCESSOR] [INFO] Evento procesado: Position - Placa BRT-978
2026-03-09 01:53:38,580 [PROCESSOR] [INFO] Evento procesado: Position - Placa IAG-384
2026-03-09 01:53:38,581 [PROCESSOR] [INFO] Evento procesado: Position - Placa FBE-008
2026-03-09 01:53:38,583 [PROCESSOR] [INFO] Evento procesado: Position - Placa HAT-601
2026-03-09 01:53:38,584 [PROCESSOR] [INFO] Evento procesado: Position - Placa BWE-442
2026-03-09 01:53:38,587 [PROCESSOR] [INFO] Evento procesado: Position - Placa THC-590
2026-03-09 01:53:38,587 [PROCESSOR] [INFO] Evento procesado: Position - Placa PZB-298
2026-03-09 01:53:38,587 [PROCESSOR] [INFO] Evento procesado: Position - Placa UPJ-759
2026-03-09 01:53:38,591 [PROCESSOR] [INFO] Evento procesado: Position - Placa BQX-357
2026-03-09 01:53:38,601 [PROCESSOR] [INFO] Evento procesado: Position - Placa MBU-519
2026-03-09 01:53:38,658 [PROCESSOR] [INFO] Evento procesado: Position - Placa RXM-933
2026-03-09 01:53:38,685 [PROCESSOR] [INFO] Evento procesado: Position - Placa GYP-413
2026-03-09 01:53:38,685 [PROCESSOR] [INFO] Evento procesado: Position - Placa GFL-779
2026-03-09 01:53:38,689 [PROCESSOR] [INFO] Evento procesado: Position - Placa WLK-923
2026-03-09 01:53:38,691 [PROCESSOR] [INFO] Evento procesado: Position - Placa OZC-167
2026-03-09 01:53:38,691 [PROCESSOR] [INFO] Evento procesado: Position - Placa HXU-919
2026-03-09 01:53:38,691 [PROCESSOR] [INFO] Evento procesado: Position - Placa SAD-096
2026-03-09 01:53:38,695 [PROCESSOR] [INFO] Evento procesado: Position - Placa LBS-370
2026-03-09 01:53:38,704 [PROCESSOR] [INFO] Evento procesado: Position - Placa HHF-763
2026-03-09 01:53:38,706 [PROCESSOR] [INFO] Evento procesado: Position - Placa SWU-072
2026-03-09 01:53:38,831 [PROCESSOR] [INFO] Evento procesado: Position - Placa VXB-996
2026-03-09 01:53:38,831 [PROCESSOR] [INFO] Evento procesado: Position - Placa QMO-133
2026-03-09 01:53:38,838 [PROCESSOR] [INFO] Evento procesado: Position - Placa ONF-247
2026-03-09 01:53:38,839 [PROCESSOR] [INFO] Evento procesado: Position - Placa UOX-148
2026-03-09 01:53:38,842 [PROCESSOR] [INFO] Evento procesado: Position - Placa YRF-975
2026-03-09 01:53:38,842 [PROCESSOR] [INFO] Evento procesado: Position - Placa QLI-449
2026-03-09 01:53:38,858 [PROCESSOR] [INFO] Evento procesado: Position - Placa MDK-151
2026-03-09 01:53:38,858 [PROCESSOR] [INFO] Evento procesado: Position - Placa UDK-961
2026-03-09 01:53:38,868 [PROCESSOR] [INFO] Evento procesado: Position - Placa YXX-753
2026-03-09 01:53:38,868 [PROCESSOR] [INFO] Evento procesado: Position - Placa WXY-400
2026-03-09 01:53:38,928 [PROCESSOR] [INFO] Evento procesado: Position - Placa GNV-610
2026-03-09 01:53:38,932 [PROCESSOR] [INFO] Evento procesado: Position - Placa STP-503
2026-03-09 01:53:38,941 [PROCESSOR] [INFO] Evento procesado: Position - Placa GCO-856
2026-03-09 01:53:38,945 [PROCESSOR] [INFO] Evento procesado: Position - Placa YUF-280
2026-03-09 01:53:38,948 [PROCESSOR] [INFO] Evento procesado: Position - Placa IGD-194
2026-03-09 01:53:38,952 [PROCESSOR] [INFO] Evento procesado: Position - Placa WXS-759
2026-03-09 01:53:38,961 [PROCESSOR] [INFO] Evento procesado: Position - Placa VJA-779
2026-03-09 01:53:38,962 [PROCESSOR] [INFO] Evento procesado: Position - Placa YDM-661
2026-03-09 01:53:38,971 [PROCESSOR] [INFO] Evento procesado: Position - Placa GPD-991
2026-03-09 01:53:38,972 [PROCESSOR] [INFO] Evento procesado: Position - Placa BUH-876
2026-03-09 01:53:39,032 [PROCESSOR] [INFO] Evento procesado: Position - Placa IVS-139
2026-03-09 01:53:39,034 [PROCESSOR] [INFO] Evento procesado: Position - Placa VDE-391
2026-03-09 01:53:39,046 [PROCESSOR] [INFO] Evento procesado: Position - Placa VRV-135
2026-03-09 01:53:39,048 [PROCESSOR] [INFO] Evento procesado: Position - Placa VCK-112
2026-03-09 01:53:39,051 [PROCESSOR] [INFO] Evento procesado: Position - Placa UFG-211
2026-03-09 01:53:39,054 [PROCESSOR] [INFO] Evento procesado: Position - Placa MDU-487
2026-03-09 01:53:39,064 [PROCESSOR] [INFO] Evento procesado: Position - Placa OHS-254
2026-03-09 01:53:39,064 [PROCESSOR] [INFO] Evento procesado: Position - Placa SLM-469
2026-03-09 01:53:39,073 [PROCESSOR] [INFO] Evento procesado: Position - Placa MXD-169
2026-03-09 01:53:39,073 [PROCESSOR] [INFO] Evento procesado: Position - Placa LKH-529
2026-03-09 01:53:39,134 [PROCESSOR] [INFO] Evento procesado: Position - Placa TSO-029
2026-03-09 01:53:39,136 [PROCESSOR] [INFO] Evento procesado: Position - Placa HFE-164
2026-03-09 01:53:39,150 [PROCESSOR] [INFO] Evento procesado: Position - Placa FNH-884
2026-03-09 01:53:39,151 [PROCESSOR] [INFO] Evento procesado: Position - Placa MSY-556
2026-03-09 01:53:39,153 [PROCESSOR] [INFO] Evento procesado: Position - Placa XTD-762
2026-03-09 01:53:39,158 [PROCESSOR] [INFO] Evento procesado: Position - Placa AZC-428
2026-03-09 01:53:39,168 [PROCESSOR] [INFO] Evento procesado: Position - Placa COP-493
2026-03-09 01:53:39,168 [PROCESSOR] [INFO] Evento procesado: Position - Placa RRI-445
2026-03-09 01:53:39,177 [PROCESSOR] [INFO] Evento procesado: Position - Placa NKA-084
2026-03-09 01:53:39,178 [PROCESSOR] [INFO] Evento procesado: Position - Placa WLJ-379
2026-03-09 01:53:39,241 [PROCESSOR] [INFO] Evento procesado: Position - Placa VPM-267
2026-03-09 01:53:39,242 [PROCESSOR] [INFO] Evento procesado: Position - Placa QOQ-937
2026-03-09 01:53:39,255 [PROCESSOR] [INFO] Evento procesado: Position - Placa JXC-547
2026-03-09 01:53:39,256 [PROCESSOR] [INFO] Evento procesado: Position - Placa XAO-872
2026-03-09 01:53:39,257 [PROCESSOR] [INFO] Evento procesado: Position - Placa DIY-340
2026-03-09 01:53:39,261 [PROCESSOR] [INFO] Evento procesado: Position - Placa ENX-936
2026-03-09 01:53:39,271 [PROCESSOR] [INFO] Evento procesado: Position - Placa VWL-802
2026-03-09 01:53:39,271 [PROCESSOR] [INFO] Evento procesado: Position - Placa LWO-354
2026-03-09 01:53:39,281 [PROCESSOR] [INFO] Evento procesado: Position - Placa GNJ-246
2026-03-09 01:53:39,281 [PROCESSOR] [INFO] Evento procesado: Position - Placa MHT-901
2026-03-09 01:53:39,347 [PROCESSOR] [INFO] Evento procesado: Position - Placa CRW-114
2026-03-09 01:53:39,347 [PROCESSOR] [INFO] Evento procesado: Position - Placa CNO-445
2026-03-09 01:53:39,361 [PROCESSOR] [INFO] Evento procesado: Position - Placa DKQ-621
2026-03-09 01:53:39,361 [PROCESSOR] [INFO] Evento procesado: Position - Placa YFJ-595
2026-03-09 01:53:39,362 [PROCESSOR] [INFO] Evento procesado: Position - Placa CEG-364
2026-03-09 01:53:39,364 [PROCESSOR] [INFO] Evento procesado: Position - Placa GZT-809
2026-03-09 01:53:39,375 [PROCESSOR] [INFO] Evento procesado: Position - Placa LJA-340
2026-03-09 01:53:39,378 [PROCESSOR] [INFO] Evento procesado: Position - Placa FIN-453
2026-03-09 01:53:39,383 [PROCESSOR] [INFO] Evento procesado: Position - Placa NSH-287
2026-03-09 01:53:39,387 [PROCESSOR] [INFO] Evento procesado: Position - Placa VJB-880
2026-03-09 01:53:39,461 [PROCESSOR] [INFO] Evento procesado: Position - Placa FPW-715
2026-03-09 01:53:39,461 [PROCESSOR] [INFO] Evento procesado: Position - Placa YAI-080
2026-03-09 01:53:39,465 [PROCESSOR] [INFO] Evento procesado: Position - Placa PYY-497
2026-03-09 01:53:39,466 [PROCESSOR] [INFO] Evento procesado: Position - Placa YZV-785
2026-03-09 01:53:39,467 [PROCESSOR] [INFO] Evento procesado: Position - Placa VQX-243
2026-03-09 01:53:39,469 [PROCESSOR] [INFO] Evento procesado: Position - Placa AZH-813
2026-03-09 01:53:39,479 [PROCESSOR] [INFO] Evento procesado: Position - Placa YQF-395
2026-03-09 01:53:39,486 [PROCESSOR] [INFO] Evento procesado: Position - Placa LTM-885
2026-03-09 01:53:39,488 [PROCESSOR] [INFO] Evento procesado: Position - Placa BML-345
2026-03-09 01:53:39,490 [PROCESSOR] [INFO] Evento procesado: Position - Placa ZER-111
2026-03-09 01:53:39,567 [PROCESSOR] [INFO] Evento procesado: Position - Placa EGU-389
2026-03-09 01:53:39,567 [PROCESSOR] [INFO] Evento procesado: Position - Placa WCY-868
2026-03-09 01:53:39,570 [PROCESSOR] [INFO] Evento procesado: Position - Placa LJX-148
2026-03-09 01:53:39,572 [PROCESSOR] [INFO] Evento procesado: Position - Placa OZN-052
2026-03-09 01:53:39,572 [PROCESSOR] [INFO] Evento procesado: Position - Placa VAW-776
2026-03-09 01:53:39,574 [PROCESSOR] [INFO] Evento procesado: Position - Placa SKK-238
2026-03-09 01:53:39,584 [PROCESSOR] [INFO] Evento procesado: Position - Placa GQN-836
2026-03-09 01:53:39,590 [PROCESSOR] [INFO] Evento procesado: Position - Placa QDZ-657
2026-03-09 01:53:39,592 [PROCESSOR] [INFO] Evento procesado: Position - Placa AUL-565
2026-03-09 01:53:39,593 [PROCESSOR] [INFO] Evento procesado: Position - Placa KII-503
2026-03-09 01:53:39,673 [PROCESSOR] [INFO] Evento procesado: Position - Placa VUH-339
2026-03-09 01:53:39,672 [PROCESSOR] [INFO] Evento procesado: Position - Placa RNY-075
2026-03-09 01:53:39,675 [PROCESSOR] [INFO] Evento procesado: Position - Placa VMP-009
2026-03-09 01:53:39,677 [PROCESSOR] [INFO] Evento procesado: Position - Placa BTZ-229
2026-03-09 01:53:39,678 [PROCESSOR] [INFO] Evento procesado: Position - Placa CHX-070
2026-03-09 01:53:39,679 [PROCESSOR] [INFO] Evento procesado: Position - Placa ZAC-131
2026-03-09 01:53:39,690 [PROCESSOR] [INFO] Evento procesado: Position - Placa EKB-206
2026-03-09 01:53:39,694 [PROCESSOR] [INFO] Evento procesado: Position - Placa QBH-451
2026-03-09 01:53:39,697 [PROCESSOR] [INFO] Evento procesado: Position - Placa VWY-521
2026-03-09 01:53:39,696 [PROCESSOR] [INFO] Evento procesado: Position - Placa CAN-040
2026-03-09 01:53:39,777 [PROCESSOR] [INFO] Evento procesado: Position - Placa VBS-951
2026-03-09 01:53:39,777 [PROCESSOR] [INFO] Evento procesado: Position - Placa YPR-003
2026-03-09 01:53:39,777 [PROCESSOR] [INFO] Evento procesado: Position - Placa MNL-949
2026-03-09 01:53:39,781 [PROCESSOR] [INFO] Evento procesado: Position - Placa JYX-144
2026-03-09 01:53:39,784 [PROCESSOR] [INFO] Evento procesado: Position - Placa XFT-207
2026-03-09 01:53:39,791 [PROCESSOR] [INFO] Evento procesado: Position - Placa PDI-201
2026-03-09 01:53:39,799 [PROCESSOR] [INFO] Evento procesado: Position - Placa HLG-181
2026-03-09 01:53:39,802 [PROCESSOR] [INFO] Evento procesado: Position - Placa WJB-330
2026-03-09 01:53:39,802 [PROCESSOR] [INFO] Evento procesado: Position - Placa QMJ-426
2026-03-09 01:53:39,805 [PROCESSOR] [INFO] Evento procesado: Position - Placa KGR-365
2026-03-09 01:53:39,880 [PROCESSOR] [INFO] Evento procesado: Position - Placa EMY-287
2026-03-09 01:53:39,881 [PROCESSOR] [INFO] Evento procesado: Position - Placa JSV-600
2026-03-09 01:53:39,881 [PROCESSOR] [INFO] Evento procesado: Position - Placa GJY-931
2026-03-09 01:53:39,883 [PROCESSOR] [INFO] Evento procesado: Position - Placa JUQ-767
2026-03-09 01:53:39,884 [PROCESSOR] [INFO] Evento procesado: Position - Placa KZH-753
2026-03-09 01:53:39,894 [PROCESSOR] [INFO] Evento procesado: Position - Placa DWV-846
2026-03-09 01:53:39,902 [PROCESSOR] [INFO] Evento procesado: Position - Placa KIP-238
2026-03-09 01:53:39,904 [PROCESSOR] [INFO] Evento procesado: Position - Placa QFZ-536
2026-03-09 01:53:39,906 [PROCESSOR] [INFO] Evento procesado: Position - Placa CPZ-011
2026-03-09 01:53:39,909 [PROCESSOR] [INFO] Evento procesado: Position - Placa SFS-991
2026-03-09 01:53:39,984 [PROCESSOR] [INFO] Evento procesado: Position - Placa IXW-522
2026-03-09 01:53:39,984 [PROCESSOR] [INFO] Evento procesado: Position - Placa LFP-486
2026-03-09 01:53:39,985 [PROCESSOR] [INFO] Evento procesado: Position - Placa VLG-231
2026-03-09 01:53:39,986 [PROCESSOR] [INFO] Evento procesado: Position - Placa KZM-837
2026-03-09 01:53:39,986 [PROCESSOR] [INFO] Evento procesado: Position - Placa PRF-990
2026-03-09 01:53:39,998 [PROCESSOR] [INFO] Evento procesado: Position - Placa SIL-125
2026-03-09 01:53:40,005 [PROCESSOR] [INFO] Evento procesado: Position - Placa QJK-641
2026-03-09 01:53:40,007 [PROCESSOR] [INFO] Evento procesado: Position - Placa KGA-931
2026-03-09 01:53:40,008 [PROCESSOR] [INFO] Evento procesado: Position - Placa MML-850
2026-03-09 01:53:40,011 [PROCESSOR] [INFO] Evento procesado: Position - Placa MFS-925
2026-03-09 01:53:40,087 [PROCESSOR] [INFO] Evento procesado: Position - Placa EBR-580
2026-03-09 01:53:40,087 [PROCESSOR] [INFO] Evento procesado: Position - Placa GCN-439
2026-03-09 01:53:40,088 [PROCESSOR] [INFO] Evento procesado: Position - Placa EWO-922
2026-03-09 01:53:40,089 [PROCESSOR] [INFO] Evento procesado: Position - Placa DSV-222
2026-03-09 01:53:40,089 [PROCESSOR] [INFO] Evento procesado: Position - Placa ULZ-537
2026-03-09 01:53:40,101 [PROCESSOR] [INFO] Evento procesado: Position - Placa IVI-735
2026-03-09 01:53:40,107 [PROCESSOR] [INFO] Evento procesado: Position - Placa ESR-266
2026-03-09 01:53:40,109 [PROCESSOR] [INFO] Evento procesado: Position - Placa PIV-502
2026-03-09 01:53:40,111 [PROCESSOR] [INFO] Evento procesado: Position - Placa ZBT-710
2026-03-09 01:53:40,115 [PROCESSOR] [INFO] Evento procesado: Position - Placa GZF-222
2026-03-09 01:53:40,190 [PROCESSOR] [INFO] Evento procesado: Position - Placa TKC-442
2026-03-09 01:53:40,190 [PROCESSOR] [INFO] Evento procesado: Position - Placa YTF-963
2026-03-09 01:53:40,191 [PROCESSOR] [INFO] Evento procesado: Position - Placa TUD-716
2026-03-09 01:53:40,192 [PROCESSOR] [INFO] Evento procesado: Position - Placa TCX-120
2026-03-09 01:53:40,192 [PROCESSOR] [INFO] Evento procesado: Position - Placa PET-310
2026-03-09 01:53:40,203 [PROCESSOR] [INFO] Evento procesado: Position - Placa YAX-850
2026-03-09 01:53:40,212 [PROCESSOR] [INFO] Evento procesado: Position - Placa NUD-947
2026-03-09 01:53:40,212 [PROCESSOR] [INFO] Evento procesado: Position - Placa IHI-629
2026-03-09 01:53:40,214 [PROCESSOR] [INFO] Evento procesado: Position - Placa GXO-100
2026-03-09 01:53:40,217 [PROCESSOR] [INFO] Evento procesado: Position - Placa JBW-965
2026-03-09 01:53:40,294 [PROCESSOR] [INFO] Evento procesado: Position - Placa VOR-225
2026-03-09 01:53:40,295 [PROCESSOR] [INFO] Evento procesado: Position - Placa ZFU-085
2026-03-09 01:53:40,296 [PROCESSOR] [INFO] Evento procesado: Position - Placa IWQ-602
2026-03-09 01:53:40,295 [PROCESSOR] [INFO] Evento procesado: Position - Placa SNR-645
2026-03-09 01:53:40,295 [PROCESSOR] [INFO] Evento procesado: Position - Placa LBD-815
2026-03-09 01:53:40,306 [PROCESSOR] [INFO] Evento procesado: Position - Placa EPG-341
2026-03-09 01:53:40,316 [PROCESSOR] [INFO] Evento procesado: Position - Placa RAA-642
2026-03-09 01:53:40,317 [PROCESSOR] [INFO] Evento procesado: Position - Placa LYI-878
2026-03-09 01:53:40,318 [PROCESSOR] [INFO] Evento procesado: Position - Placa OIE-831
2026-03-09 01:53:40,320 [PROCESSOR] [INFO] Evento procesado: Position - Placa BHE-694
2026-03-09 01:53:40,402 [PROCESSOR] [INFO] Evento procesado: Position - Placa LJT-451
2026-03-09 01:53:40,402 [PROCESSOR] [INFO] Evento procesado: Position - Placa UQA-048
2026-03-09 01:53:40,403 [PROCESSOR] [INFO] Evento procesado: Position - Placa SLC-717
2026-03-09 01:53:40,406 [PROCESSOR] [INFO] Evento procesado: Position - Placa ULT-590
2026-03-09 01:53:40,410 [PROCESSOR] [INFO] Evento procesado: Position - Placa RCA-286
2026-03-09 01:53:40,420 [PROCESSOR] [INFO] Evento procesado: Position - Placa WSA-193
2026-03-09 01:53:40,421 [PROCESSOR] [INFO] Evento procesado: Position - Placa VRX-368
2026-03-09 01:53:40,423 [PROCESSOR] [INFO] Evento procesado: Position - Placa LME-145
2026-03-09 01:53:40,423 [PROCESSOR] [INFO] Evento procesado: Position - Placa VHZ-101
2026-03-09 01:53:40,423 [PROCESSOR] [INFO] Evento procesado: Position - Placa NAO-972
2026-03-09 01:53:40,508 [PROCESSOR] [INFO] Evento procesado: Position - Placa XTZ-773
2026-03-09 01:53:40,508 [PROCESSOR] [INFO] Evento procesado: Position - Placa JHW-852
2026-03-09 01:53:40,510 [PROCESSOR] [INFO] Evento procesado: Position - Placa QNK-029
2026-03-09 01:53:40,511 [PROCESSOR] [INFO] Evento procesado: Position - Placa YIS-691
2026-03-09 01:53:40,513 [PROCESSOR] [INFO] Evento procesado: Position - Placa UBC-668
2026-03-09 01:53:40,523 [PROCESSOR] [INFO] Evento procesado: Position - Placa BZP-325
2026-03-09 01:53:40,524 [PROCESSOR] [INFO] Evento procesado: Position - Placa UAO-808
2026-03-09 01:53:40,527 [PROCESSOR] [INFO] Evento procesado: Position - Placa IQO-921
2026-03-09 01:53:40,527 [PROCESSOR] [INFO] Evento procesado: Position - Placa ANZ-545
2026-03-09 01:53:40,528 [PROCESSOR] [INFO] Evento procesado: Position - Placa MRX-221
2026-03-09 01:53:40,613 [PROCESSOR] [INFO] Evento procesado: Position - Placa SMS-794
2026-03-09 01:53:40,613 [PROCESSOR] [INFO] Evento procesado: Position - Placa CQM-317
2026-03-09 01:53:40,613 [PROCESSOR] [INFO] Evento procesado: Position - Placa HLK-721
2026-03-09 01:53:40,616 [PROCESSOR] [INFO] Evento procesado: Position - Placa CKL-011
2026-03-09 01:53:40,616 [PROCESSOR] [INFO] Evento procesado: Position - Placa BUI-941
2026-03-09 01:53:40,627 [PROCESSOR] [INFO] Evento procesado: Position - Placa ZAX-247
2026-03-09 01:53:40,627 [PROCESSOR] [INFO] Evento procesado: Position - Placa FNP-573
2026-03-09 01:53:40,632 [PROCESSOR] [INFO] Evento procesado: Position - Placa NBH-836
2026-03-09 01:53:40,632 [PROCESSOR] [INFO] Evento procesado: Position - Placa SNX-696
2026-03-09 01:53:40,632 [PROCESSOR] [INFO] Evento procesado: Position - Placa UIT-454
2026-03-09 01:53:40,719 [PROCESSOR] [INFO] Evento procesado: Position - Placa APZ-798
2026-03-09 01:53:40,719 [PROCESSOR] [INFO] Evento procesado: Position - Placa APT-850
2026-03-09 01:53:40,719 [PROCESSOR] [INFO] Evento procesado: Position - Placa XBL-709
2026-03-09 01:53:40,721 [PROCESSOR] [INFO] Evento procesado: Position - Placa JPX-155
2026-03-09 01:53:40,722 [PROCESSOR] [INFO] Evento procesado: Position - Placa UDW-464
2026-03-09 01:53:40,732 [PROCESSOR] [INFO] Evento procesado: Position - Placa PVA-275
2026-03-09 01:53:40,733 [PROCESSOR] [INFO] Evento procesado: Position - Placa LRN-221
2026-03-09 01:53:40,735 [PROCESSOR] [INFO] Evento procesado: Position - Placa CHT-761
2026-03-09 01:53:40,736 [PROCESSOR] [INFO] Evento procesado: Position - Placa GBO-790
2026-03-09 01:53:40,737 [PROCESSOR] [INFO] Evento procesado: Position - Placa ALQ-403
2026-03-09 01:53:40,824 [PROCESSOR] [INFO] Evento procesado: Position - Placa CDF-009
2026-03-09 01:53:40,824 [PROCESSOR] [INFO] Evento procesado: Position - Placa TCX-802
2026-03-09 01:53:40,825 [PROCESSOR] [INFO] Evento procesado: Position - Placa DRO-696
2026-03-09 01:53:40,827 [PROCESSOR] [INFO] Evento procesado: Position - Placa ZZK-744
2026-03-09 01:53:40,828 [PROCESSOR] [INFO] Evento procesado: Position - Placa SUS-499
2026-03-09 01:53:40,834 [PROCESSOR] [INFO] Evento procesado: Position - Placa HAB-783
2026-03-09 01:53:40,835 [PROCESSOR] [INFO] Evento procesado: Position - Placa MPF-954
2026-03-09 01:53:40,839 [PROCESSOR] [INFO] Evento procesado: Position - Placa QER-299
2026-03-09 01:53:40,839 [PROCESSOR] [INFO] Evento procesado: Position - Placa XMG-459
2026-03-09 01:53:40,840 [PROCESSOR] [INFO] Evento procesado: Position - Placa KNV-848
2026-03-09 01:53:40,930 [PROCESSOR] [INFO] Evento procesado: Position - Placa BHW-731
2026-03-09 01:53:40,931 [PROCESSOR] [INFO] Evento procesado: Position - Placa IIH-597
2026-03-09 01:53:40,932 [PROCESSOR] [INFO] Evento procesado: Position - Placa JVJ-708
2026-03-09 01:53:40,932 [PROCESSOR] [INFO] Evento procesado: Position - Placa WED-493
2026-03-09 01:53:40,938 [PROCESSOR] [INFO] Evento procesado: Position - Placa JWQ-650
2026-03-09 01:53:40,939 [PROCESSOR] [INFO] Evento procesado: Position - Placa CGE-768
2026-03-09 01:53:40,942 [PROCESSOR] [INFO] Evento procesado: Position - Placa FOA-846
2026-03-09 01:53:40,942 [PROCESSOR] [INFO] Evento procesado: Position - Placa KPP-802
2026-03-09 01:53:40,945 [PROCESSOR] [INFO] Evento procesado: Position - Placa CPL-148
2026-03-09 01:53:40,949 [PROCESSOR] [INFO] Evento procesado: Position - Placa GKX-516
2026-03-09 01:53:41,035 [PROCESSOR] [INFO] Evento procesado: Position - Placa RZU-320
2026-03-09 01:53:41,035 [PROCESSOR] [INFO] Evento procesado: Position - Placa QIY-657
2026-03-09 01:53:41,037 [PROCESSOR] [INFO] Evento procesado: Position - Placa RVX-308
2026-03-09 01:53:41,037 [PROCESSOR] [INFO] Evento procesado: Position - Placa EDZ-457
2026-03-09 01:53:41,040 [PROCESSOR] [INFO] Evento procesado: Position - Placa NLA-466
2026-03-09 01:53:41,042 [PROCESSOR] [INFO] Evento procesado: Position - Placa IPI-749
2026-03-09 01:53:41,045 [PROCESSOR] [INFO] Evento procesado: Position - Placa LDX-533
2026-03-09 01:53:41,047 [PROCESSOR] [INFO] Evento procesado: Position - Placa DOX-241
2026-03-09 01:53:41,048 [PROCESSOR] [INFO] Evento procesado: Position - Placa TWK-502
2026-03-09 01:53:41,051 [PROCESSOR] [INFO] Evento procesado: Position - Placa JYU-416
2026-03-09 01:53:41,141 [PROCESSOR] [INFO] Evento procesado: Position - Placa CXQ-738
2026-03-09 01:53:41,142 [PROCESSOR] [INFO] Evento procesado: Position - Placa AGP-677
2026-03-09 01:53:41,143 [PROCESSOR] [INFO] Evento procesado: Position - Placa ARO-982
2026-03-09 01:53:41,143 [PROCESSOR] [INFO] Evento procesado: Position - Placa EZA-357
2026-03-09 01:53:41,147 [PROCESSOR] [INFO] Evento procesado: Position - Placa DHU-409
2026-03-09 01:53:41,148 [PROCESSOR] [INFO] Evento procesado: Position - Placa CFB-675
2026-03-09 01:53:41,150 [PROCESSOR] [INFO] Evento procesado: Position - Placa DHE-470
2026-03-09 01:53:41,151 [PROCESSOR] [INFO] Evento procesado: Position - Placa KNH-515
2026-03-09 01:53:41,152 [PROCESSOR] [INFO] Evento procesado: Position - Placa KAU-113
2026-03-09 01:53:41,154 [PROCESSOR] [INFO] Evento procesado: Position - Placa REN-208
2026-03-09 01:53:41,252 [PROCESSOR] [INFO] Evento procesado: Position - Placa VWS-288
2026-03-09 01:53:41,254 [PROCESSOR] [INFO] Evento procesado: Position - Placa DXM-166
2026-03-09 01:53:41,252 [PROCESSOR] [INFO] Evento procesado: Position - Placa TCM-416
2026-03-09 01:53:41,252 [PROCESSOR] [INFO] Evento procesado: Position - Placa KJW-336
2026-03-09 01:53:41,254 [PROCESSOR] [INFO] Evento procesado: Position - Placa LDP-134
2026-03-09 01:53:41,258 [PROCESSOR] [INFO] Evento procesado: Position - Placa YNF-733
2026-03-09 01:53:41,261 [PROCESSOR] [INFO] Evento procesado: Position - Placa TWS-097
2026-03-09 01:53:41,263 [PROCESSOR] [INFO] Evento procesado: Position - Placa JBX-864
2026-03-09 01:53:41,264 [PROCESSOR] [INFO] Evento procesado: Position - Placa WSU-740
2026-03-09 01:53:41,289 [PROCESSOR] [INFO] Evento procesado: Position - Placa VHH-035
2026-03-09 01:53:41,362 [PROCESSOR] [INFO] Evento procesado: Position - Placa KHM-500
2026-03-09 01:53:41,364 [PROCESSOR] [INFO] Evento procesado: Position - Placa MBB-192
2026-03-09 01:53:41,362 [PROCESSOR] [INFO] Evento procesado: Position - Placa QQE-906
2026-03-09 01:53:41,366 [PROCESSOR] [INFO] Evento procesado: Position - Placa NWI-004
2026-03-09 01:53:41,364 [PROCESSOR] [INFO] Evento procesado: Position - Placa YGI-945
2026-03-09 01:53:41,367 [PROCESSOR] [INFO] Evento procesado: Position - Placa AXV-963
2026-03-09 01:53:41,368 [PROCESSOR] [INFO] Evento procesado: Position - Placa LMR-306
2026-03-09 01:53:41,370 [PROCESSOR] [INFO] Evento procesado: Position - Placa JRG-010
2026-03-09 01:53:41,370 [PROCESSOR] [INFO] Evento procesado: Position - Placa AUQ-388
2026-03-09 01:53:41,393 [PROCESSOR] [INFO] Evento procesado: Position - Placa AXP-005
2026-03-09 01:53:41,471 [PROCESSOR] [INFO] Evento procesado: Position - Placa YME-702
2026-03-09 01:53:41,472 [PROCESSOR] [INFO] Evento procesado: Position - Placa FZC-039
2026-03-09 01:53:41,472 [PROCESSOR] [INFO] Evento procesado: Position - Placa PAW-083
2026-03-09 01:53:41,472 [PROCESSOR] [INFO] Evento procesado: Position - Placa OTG-221
2026-03-09 01:53:41,476 [PROCESSOR] [INFO] Evento procesado: Position - Placa GUD-426
2026-03-09 01:53:41,478 [PROCESSOR] [INFO] Evento procesado: Position - Placa GVB-256
2026-03-09 01:53:41,481 [PROCESSOR] [INFO] Evento procesado: Position - Placa WNV-206
2026-03-09 01:53:41,481 [PROCESSOR] [INFO] Evento procesado: Position - Placa INX-666
2026-03-09 01:53:41,497 [PROCESSOR] [INFO] Evento procesado: Position - Placa BZC-222
2026-03-09 01:53:41,500 [PROCESSOR] [INFO] Evento procesado: Position - Placa VKR-470
2026-03-09 01:53:41,579 [PROCESSOR] [INFO] Evento procesado: Position - Placa HEN-678
2026-03-09 01:53:41,579 [PROCESSOR] [INFO] Evento procesado: Position - Placa AOM-887
2026-03-09 01:53:41,579 [PROCESSOR] [INFO] Evento procesado: Position - Placa KNA-146
2026-03-09 01:53:41,579 [PROCESSOR] [INFO] Evento procesado: Position - Placa MMQ-839
2026-03-09 01:53:41,584 [PROCESSOR] [INFO] Evento procesado: Position - Placa JHJ-964
2026-03-09 01:53:41,584 [PROCESSOR] [INFO] Evento procesado: Position - Placa JWI-426
2026-03-09 01:53:41,586 [PROCESSOR] [INFO] Evento procesado: Position - Placa DTN-629
2026-03-09 01:53:41,586 [PROCESSOR] [INFO] Evento procesado: Position - Placa FXV-740
2026-03-09 01:53:41,601 [PROCESSOR] [INFO] Evento procesado: Position - Placa SKR-747
2026-03-09 01:53:41,603 [PROCESSOR] [INFO] Evento procesado: Position - Placa WVC-404
2026-03-09 01:53:41,687 [PROCESSOR] [INFO] Evento procesado: Position - Placa TDL-518
2026-03-09 01:53:41,687 [PROCESSOR] [INFO] Evento procesado: Position - Placa IBG-441
2026-03-09 01:53:41,691 [PROCESSOR] [INFO] Evento procesado: Position - Placa NQQ-100
2026-03-09 01:53:41,688 [PROCESSOR] [INFO] Evento procesado: Position - Placa GQG-263
2026-03-09 01:53:41,689 [PROCESSOR] [INFO] Evento procesado: Position - Placa OMU-160
2026-03-09 01:53:41,692 [PROCESSOR] [INFO] Evento procesado: Position - Placa UOH-716
2026-03-09 01:53:41,693 [PROCESSOR] [INFO] Evento procesado: Position - Placa ANI-370
2026-03-09 01:53:41,695 [PROCESSOR] [INFO] Evento procesado: Position - Placa KEN-349
2026-03-09 01:53:41,704 [PROCESSOR] [INFO] Evento procesado: Position - Placa DEI-998
2026-03-09 01:53:41,706 [PROCESSOR] [INFO] Evento procesado: Position - Placa LAT-929
2026-03-09 01:53:41,796 [PROCESSOR] [INFO] Evento procesado: Position - Placa JXL-580
2026-03-09 01:53:41,795 [PROCESSOR] [INFO] Evento procesado: Position - Placa MTB-939
2026-03-09 01:53:41,798 [PROCESSOR] [INFO] Evento procesado: Position - Placa CPZ-289
2026-03-09 01:53:41,798 [PROCESSOR] [INFO] Evento procesado: Position - Placa IYO-039
2026-03-09 01:53:41,800 [PROCESSOR] [INFO] Evento procesado: Position - Placa XHD-478
2026-03-09 01:53:41,799 [PROCESSOR] [INFO] Evento procesado: Position - Placa TCB-526
2026-03-09 01:53:41,802 [PROCESSOR] [INFO] Evento procesado: Position - Placa BFF-156
2026-03-09 01:53:41,804 [PROCESSOR] [INFO] Evento procesado: Position - Placa TJC-612
2026-03-09 01:53:41,807 [PROCESSOR] [INFO] Evento procesado: Position - Placa UUY-935
2026-03-09 01:53:41,809 [PROCESSOR] [INFO] Evento procesado: Position - Placa KSZ-658
2026-03-09 01:53:41,901 [PROCESSOR] [INFO] Evento procesado: Position - Placa CFZ-410
2026-03-09 01:53:41,901 [PROCESSOR] [INFO] Evento procesado: Position - Placa HLD-067
2026-03-09 01:53:41,902 [PROCESSOR] [INFO] Evento procesado: Position - Placa GXJ-548
2026-03-09 01:53:41,905 [PROCESSOR] [INFO] Evento procesado: Position - Placa AVB-542
2026-03-09 01:53:41,905 [PROCESSOR] [INFO] Evento procesado: Position - Placa JMG-012
2026-03-09 01:53:41,905 [PROCESSOR] [INFO] Evento procesado: Position - Placa YXO-985
2026-03-09 01:53:41,907 [PROCESSOR] [INFO] Evento procesado: Position - Placa YVO-881
2026-03-09 01:53:41,910 [PROCESSOR] [INFO] Evento procesado: Position - Placa MNG-111
2026-03-09 01:53:41,910 [PROCESSOR] [INFO] Evento procesado: Position - Placa BQO-436
2026-03-09 01:53:41,914 [PROCESSOR] [INFO] Evento procesado: Position - Placa NAL-767
2026-03-09 01:53:42,005 [PROCESSOR] [INFO] Evento procesado: Position - Placa LZD-956
2026-03-09 01:53:42,006 [PROCESSOR] [INFO] Evento procesado: Position - Placa ANG-624
2026-03-09 01:53:42,007 [PROCESSOR] [INFO] Evento procesado: Position - Placa VPN-460
2026-03-09 01:53:42,017 [PROCESSOR] [INFO] Evento procesado: Position - Placa MBZ-305
2026-03-09 01:53:42,020 [PROCESSOR] [INFO] Evento procesado: Position - Placa EDW-467
2026-03-09 01:53:42,020 [PROCESSOR] [INFO] Evento procesado: Position - Placa DJQ-091
2026-03-09 01:53:42,022 [PROCESSOR] [INFO] Evento procesado: Position - Placa FDG-220
2026-03-09 01:53:42,025 [PROCESSOR] [INFO] Evento procesado: Position - Placa IYU-828
2026-03-09 01:53:42,027 [PROCESSOR] [INFO] Evento procesado: Position - Placa UHS-229
2026-03-09 01:53:42,047 [PROCESSOR] [INFO] Evento procesado: Position - Placa RLJ-952
2026-03-09 01:53:42,108 [PROCESSOR] [INFO] Evento procesado: Position - Placa FQY-901
2026-03-09 01:53:42,108 [PROCESSOR] [INFO] Evento procesado: Position - Placa FKH-790
2026-03-09 01:53:42,112 [PROCESSOR] [INFO] Evento procesado: Position - Placa GMM-823
2026-03-09 01:53:42,127 [PROCESSOR] [INFO] Evento procesado: Position - Placa OUC-920
2026-03-09 01:53:42,129 [PROCESSOR] [INFO] Evento procesado: Position - Placa JGO-638
2026-03-09 01:53:42,132 [PROCESSOR] [INFO] Evento procesado: Position - Placa KWR-466
2026-03-09 01:53:42,132 [PROCESSOR] [INFO] Evento procesado: Position - Placa PPE-576
2026-03-09 01:53:42,135 [PROCESSOR] [INFO] Evento procesado: Position - Placa VXF-695
2026-03-09 01:53:42,136 [PROCESSOR] [INFO] Evento procesado: Position - Placa BPH-001
2026-03-09 01:53:42,150 [PROCESSOR] [INFO] Evento procesado: Position - Placa GYQ-113
2026-03-09 01:53:42,215 [PROCESSOR] [INFO] Evento procesado: Position - Placa VSO-341
2026-03-09 01:53:42,215 [PROCESSOR] [INFO] Evento procesado: Position - Placa YDA-079
2026-03-09 01:53:42,215 [PROCESSOR] [INFO] Evento procesado: Position - Placa HSO-253
2026-03-09 01:53:42,229 [PROCESSOR] [INFO] Evento procesado: Position - Placa UQQ-434
2026-03-09 01:53:42,232 [PROCESSOR] [INFO] Evento procesado: Position - Placa TMI-781
2026-03-09 01:53:42,235 [PROCESSOR] [INFO] Evento procesado: Position - Placa IUZ-610
2026-03-09 01:53:42,236 [PROCESSOR] [INFO] Evento procesado: Position - Placa RKN-736
2026-03-09 01:53:42,239 [PROCESSOR] [INFO] Evento procesado: Position - Placa KZO-413
2026-03-09 01:53:42,239 [PROCESSOR] [INFO] Evento procesado: Position - Placa OIV-431
2026-03-09 01:53:42,254 [PROCESSOR] [INFO] Evento procesado: Position - Placa SGV-629
2026-03-09 01:53:42,329 [PROCESSOR] [INFO] Evento procesado: Position - Placa OST-329
2026-03-09 01:53:42,348 [PROCESSOR] [INFO] Evento procesado: Position - Placa ASA-795
2026-03-09 01:53:42,348 [PROCESSOR] [INFO] Evento procesado: Position - Placa OMB-074
2026-03-09 01:53:42,354 [PROCESSOR] [INFO] Evento procesado: Position - Placa WIW-672
2026-03-09 01:53:42,369 [PROCESSOR] [INFO] Evento procesado: Position - Placa FGD-881
2026-03-09 01:53:42,360 [PROCESSOR] [INFO] Evento procesado: Position - Placa OGR-857
2026-03-09 01:53:42,363 [PROCESSOR] [INFO] Evento procesado: Position - Placa LFW-278
2026-03-09 01:53:42,365 [PROCESSOR] [INFO] Evento procesado: Position - Placa LMQ-730
2026-03-09 01:53:42,374 [PROCESSOR] [INFO] Evento procesado: Position - Placa WIH-911
2026-03-09 01:53:42,374 [PROCESSOR] [INFO] Evento procesado: Position - Placa IVG-436
2026-03-09 01:53:42,434 [PROCESSOR] [INFO] Evento procesado: Position - Placa DLK-291
2026-03-09 01:53:42,448 [PROCESSOR] [INFO] Evento procesado: Position - Placa JWW-488
2026-03-09 01:53:42,452 [PROCESSOR] [INFO] Evento procesado: Position - Placa YBK-422
2026-03-09 01:53:42,473 [PROCESSOR] [INFO] Evento procesado: Position - Placa CKD-006
2026-03-09 01:53:42,476 [PROCESSOR] [INFO] Evento procesado: Position - Placa TPQ-374
2026-03-09 01:53:42,476 [PROCESSOR] [INFO] Evento procesado: Position - Placa URX-275
2026-03-09 01:53:42,479 [PROCESSOR] [INFO] Evento procesado: Position - Placa JYR-620
2026-03-09 01:53:42,479 [PROCESSOR] [INFO] Evento procesado: Position - Placa PTF-038
2026-03-09 01:53:42,480 [PROCESSOR] [INFO] Evento procesado: Position - Placa SYX-824
2026-03-09 01:53:42,482 [PROCESSOR] [INFO] Evento procesado: Position - Placa HKA-535
2026-03-09 01:53:42,541 [PROCESSOR] [INFO] Evento procesado: Position - Placa JDY-222
2026-03-09 01:53:42,552 [PROCESSOR] [INFO] Evento procesado: Position - Placa FYU-585
2026-03-09 01:53:42,554 [PROCESSOR] [INFO] Evento procesado: Position - Placa NRG-074
2026-03-09 01:53:42,578 [PROCESSOR] [INFO] Evento procesado: Position - Placa DMG-716
2026-03-09 01:53:42,580 [PROCESSOR] [INFO] Evento procesado: Position - Placa DWQ-919
2026-03-09 01:53:42,581 [PROCESSOR] [INFO] Evento procesado: Position - Placa QHN-222
2026-03-09 01:53:42,582 [PROCESSOR] [INFO] Evento procesado: Position - Placa PJN-131
2026-03-09 01:53:42,584 [PROCESSOR] [INFO] Evento procesado: Position - Placa LJE-783
2026-03-09 01:53:42,587 [PROCESSOR] [INFO] Evento procesado: Position - Placa UKP-487
2026-03-09 01:53:42,587 [PROCESSOR] [INFO] Evento procesado: Position - Placa TYC-834
2026-03-09 01:53:42,645 [PROCESSOR] [INFO] Evento procesado: Position - Placa CZL-032
2026-03-09 01:53:42,657 [PROCESSOR] [INFO] Evento procesado: Position - Placa VPM-677
2026-03-09 01:53:42,658 [PROCESSOR] [INFO] Evento procesado: Position - Placa GQR-563
2026-03-09 01:53:42,683 [PROCESSOR] [INFO] Evento procesado: Position - Placa HPQ-131
2026-03-09 01:53:42,683 [PROCESSOR] [INFO] Evento procesado: Position - Placa PVZ-515
2026-03-09 01:53:42,688 [PROCESSOR] [INFO] Evento procesado: Position - Placa XRJ-371
2026-03-09 01:53:42,688 [PROCESSOR] [INFO] Evento procesado: Position - Placa UID-245
2026-03-09 01:53:42,691 [PROCESSOR] [INFO] Evento procesado: Position - Placa OCC-348
2026-03-09 01:53:42,692 [PROCESSOR] [INFO] Evento procesado: Position - Placa JSY-652
2026-03-09 01:53:42,691 [PROCESSOR] [INFO] Evento procesado: Position - Placa YDL-092
2026-03-09 01:53:42,753 [PROCESSOR] [INFO] Evento procesado: Position - Placa IQW-306
2026-03-09 01:53:42,763 [PROCESSOR] [INFO] Evento procesado: Position - Placa NMP-601
2026-03-09 01:53:42,763 [PROCESSOR] [INFO] Evento procesado: Position - Placa TYE-539
2026-03-09 01:53:42,788 [PROCESSOR] [INFO] Evento procesado: Position - Placa PLD-425
2026-03-09 01:53:42,789 [PROCESSOR] [INFO] Evento procesado: Position - Placa IBM-594
2026-03-09 01:53:42,792 [PROCESSOR] [INFO] Evento procesado: Position - Placa EPN-898
2026-03-09 01:53:42,793 [PROCESSOR] [INFO] Evento procesado: Position - Placa OIV-745
2026-03-09 01:53:42,797 [PROCESSOR] [INFO] Evento procesado: Position - Placa CRS-741
2026-03-09 01:53:42,797 [PROCESSOR] [INFO] Evento procesado: Position - Placa XCA-717
2026-03-09 01:53:42,798 [PROCESSOR] [INFO] Evento procesado: Position - Placa YEA-444
2026-03-09 01:53:42,858 [PROCESSOR] [INFO] Evento procesado: Position - Placa AKF-148
2026-03-09 01:53:42,868 [PROCESSOR] [INFO] Evento procesado: Position - Placa ACV-469
2026-03-09 01:53:42,868 [PROCESSOR] [INFO] Evento procesado: Position - Placa DSJ-454
2026-03-09 01:53:42,891 [PROCESSOR] [INFO] Evento procesado: Position - Placa BKO-855
2026-03-09 01:53:42,892 [PROCESSOR] [INFO] Evento procesado: Position - Placa DUW-003
2026-03-09 01:53:42,895 [PROCESSOR] [INFO] Evento procesado: Position - Placa LQQ-096
2026-03-09 01:53:42,895 [PROCESSOR] [INFO] Evento procesado: Position - Placa AXX-066
2026-03-09 01:53:42,902 [PROCESSOR] [INFO] Evento procesado: Position - Placa YFE-402
2026-03-09 01:53:42,902 [PROCESSOR] [INFO] Evento procesado: Position - Placa QRA-306
2026-03-09 01:53:42,904 [PROCESSOR] [INFO] Evento procesado: Position - Placa MHW-536
2026-03-09 01:53:42,962 [PROCESSOR] [INFO] Evento procesado: Position - Placa HAH-084
2026-03-09 01:53:42,972 [PROCESSOR] [INFO] Evento procesado: Position - Placa KCG-363
2026-03-09 01:53:42,972 [PROCESSOR] [INFO] Evento procesado: Position - Placa NGF-053
2026-03-09 01:53:42,995 [PROCESSOR] [INFO] Evento procesado: Position - Placa CXS-108
2026-03-09 01:53:42,996 [PROCESSOR] [INFO] Evento procesado: Position - Placa XJP-884
2026-03-09 01:53:42,999 [PROCESSOR] [INFO] Evento procesado: Position - Placa OQK-895
2026-03-09 01:53:42,999 [PROCESSOR] [INFO] Evento procesado: Position - Placa CYN-839
2026-03-09 01:53:43,006 [PROCESSOR] [INFO] Evento procesado: Position - Placa VSK-891
2026-03-09 01:53:43,006 [PROCESSOR] [INFO] Evento procesado: Position - Placa EQH-875
2026-03-09 01:53:43,008 [PROCESSOR] [INFO] Evento procesado: Position - Placa FAB-013
2026-03-09 01:53:43,068 [PROCESSOR] [INFO] Evento procesado: Position - Placa RBK-435
2026-03-09 01:53:43,076 [PROCESSOR] [INFO] Evento procesado: Position - Placa ENT-408
2026-03-09 01:53:43,076 [PROCESSOR] [INFO] Evento procesado: Position - Placa VLF-482
2026-03-09 01:53:43,099 [PROCESSOR] [INFO] Evento procesado: Position - Placa PMS-351
2026-03-09 01:53:43,099 [PROCESSOR] [INFO] Evento procesado: Position - Placa PVC-945
2026-03-09 01:53:43,103 [PROCESSOR] [INFO] Evento procesado: Position - Placa UXN-469
2026-03-09 01:53:43,103 [PROCESSOR] [INFO] Evento procesado: Position - Placa RZZ-902
2026-03-09 01:53:43,109 [PROCESSOR] [INFO] Evento procesado: Position - Placa PCG-687
2026-03-09 01:53:43,110 [PROCESSOR] [INFO] Evento procesado: Position - Placa ZZG-386
2026-03-09 01:53:43,110 [PROCESSOR] [INFO] Evento procesado: Position - Placa ECN-666
2026-03-09 01:53:43,173 [PROCESSOR] [INFO] Evento procesado: Position - Placa YVB-720
2026-03-09 01:53:43,182 [PROCESSOR] [INFO] Evento procesado: Position - Placa WZV-675
2026-03-09 01:53:43,182 [PROCESSOR] [INFO] Evento procesado: Position - Placa OVY-464
2026-03-09 01:53:43,208 [PROCESSOR] [INFO] Evento procesado: Position - Placa LEJ-786
2026-03-09 01:53:43,209 [PROCESSOR] [INFO] Evento procesado: Position - Placa OJD-103
2026-03-09 01:53:43,209 [PROCESSOR] [INFO] Evento procesado: Position - Placa YDN-497
2026-03-09 01:53:43,212 [PROCESSOR] [INFO] Evento procesado: Position - Placa HSJ-090
2026-03-09 01:53:43,216 [PROCESSOR] [INFO] Evento procesado: Position - Placa APP-893
2026-03-09 01:53:43,216 [PROCESSOR] [INFO] Evento procesado: Position - Placa VUX-283
2026-03-09 01:53:43,216 [PROCESSOR] [INFO] Evento procesado: Position - Placa WYA-866
2026-03-09 01:53:43,279 [PROCESSOR] [INFO] Evento procesado: Position - Placa SON-972
2026-03-09 01:53:43,291 [PROCESSOR] [INFO] Evento procesado: Position - Placa QEG-423
2026-03-09 01:53:43,290 [PROCESSOR] [INFO] Evento procesado: Position - Placa GUV-911
2026-03-09 01:53:43,314 [PROCESSOR] [INFO] Evento procesado: Position - Placa VFT-171
2026-03-09 01:53:43,314 [PROCESSOR] [INFO] Evento procesado: Position - Placa EFS-047
2026-03-09 01:53:43,315 [PROCESSOR] [INFO] Evento procesado: Position - Placa OFH-816
2026-03-09 01:53:43,318 [PROCESSOR] [INFO] Evento procesado: Position - Placa FDM-716
2026-03-09 01:53:43,318 [PROCESSOR] [INFO] Evento procesado: Position - Placa CNX-137
2026-03-09 01:53:43,321 [PROCESSOR] [INFO] Evento procesado: Position - Placa ULA-452
2026-03-09 01:53:43,321 [PROCESSOR] [INFO] Evento procesado: Position - Placa FOE-733
2026-03-09 01:53:43,385 [PROCESSOR] [INFO] Evento procesado: Position - Placa BGP-538
2026-03-09 01:53:43,402 [PROCESSOR] [INFO] Evento procesado: Position - Placa AGB-011
2026-03-09 01:53:43,403 [PROCESSOR] [INFO] Evento procesado: Position - Placa JAN-341
2026-03-09 01:53:43,418 [PROCESSOR] [INFO] Evento procesado: Position - Placa QCZ-601
2026-03-09 01:53:43,418 [PROCESSOR] [INFO] Evento procesado: Position - Placa TDP-615
2026-03-09 01:53:43,418 [PROCESSOR] [INFO] Evento procesado: Position - Placa PVR-502
2026-03-09 01:53:43,421 [PROCESSOR] [INFO] Evento procesado: Position - Placa RZN-913
2026-03-09 01:53:43,421 [PROCESSOR] [INFO] Evento procesado: Position - Placa VMW-289
2026-03-09 01:53:43,424 [PROCESSOR] [INFO] Evento procesado: Position - Placa ZIB-841
2026-03-09 01:53:43,424 [PROCESSOR] [INFO] Evento procesado: Position - Placa KPF-471
2026-03-09 01:53:43,488 [PROCESSOR] [INFO] Evento procesado: Position - Placa HBQ-596
2026-03-09 01:53:43,507 [PROCESSOR] [INFO] Evento procesado: Position - Placa EPY-173
2026-03-09 01:53:43,507 [PROCESSOR] [INFO] Evento procesado: Position - Placa KSQ-240
2026-03-09 01:53:43,523 [PROCESSOR] [INFO] Evento procesado: Position - Placa ZHQ-856
2026-03-09 01:53:43,523 [PROCESSOR] [INFO] Evento procesado: Position - Placa LRW-155
2026-03-09 01:53:43,524 [PROCESSOR] [INFO] Evento procesado: Position - Placa CDT-295
2026-03-09 01:53:43,526 [PROCESSOR] [INFO] Evento procesado: Position - Placa FIJ-040
2026-03-09 01:53:43,526 [PROCESSOR] [INFO] Evento procesado: Position - Placa AMM-955
2026-03-09 01:53:43,530 [PROCESSOR] [INFO] Evento procesado: Position - Placa JPW-995
2026-03-09 01:53:43,539 [PROCESSOR] [INFO] Evento procesado: Position - Placa FAR-623
2026-03-09 01:53:43,591 [PROCESSOR] [INFO] Evento procesado: Position - Placa XAQ-331
2026-03-09 01:53:43,613 [PROCESSOR] [INFO] Evento procesado: Position - Placa MKO-923
2026-03-09 01:53:43,615 [PROCESSOR] [INFO] Evento procesado: Position - Placa EZD-516
2026-03-09 01:53:43,627 [PROCESSOR] [INFO] Evento procesado: Position - Placa YTO-113
2026-03-09 01:53:43,628 [PROCESSOR] [INFO] Evento procesado: Position - Placa LLY-582
2026-03-09 01:53:43,631 [PROCESSOR] [INFO] Evento procesado: Position - Placa TQF-578
2026-03-09 01:53:43,634 [PROCESSOR] [INFO] Evento procesado: Position - Placa CGC-807
2026-03-09 01:53:43,634 [PROCESSOR] [INFO] Evento procesado: Position - Placa UEW-837
2026-03-09 01:53:43,636 [PROCESSOR] [INFO] Evento procesado: Position - Placa HIK-231
2026-03-09 01:53:43,642 [PROCESSOR] [INFO] Evento procesado: Position - Placa GRJ-265
2026-03-09 01:53:43,695 [PROCESSOR] [INFO] Evento procesado: Position - Placa UMH-895
2026-03-09 01:53:43,716 [PROCESSOR] [INFO] Evento procesado: Position - Placa PEV-953
2026-03-09 01:53:43,718 [PROCESSOR] [INFO] Evento procesado: Position - Placa PSU-873
2026-03-09 01:53:43,730 [PROCESSOR] [INFO] Evento procesado: Position - Placa JBI-014
2026-03-09 01:53:43,731 [PROCESSOR] [INFO] Evento procesado: Position - Placa UBD-294
2026-03-09 01:53:43,733 [PROCESSOR] [INFO] Evento procesado: Position - Placa RPM-403
2026-03-09 01:53:43,737 [PROCESSOR] [INFO] Evento procesado: Position - Placa QPX-640
2026-03-09 01:53:43,737 [PROCESSOR] [INFO] Evento procesado: Position - Placa QJY-173
2026-03-09 01:53:43,740 [PROCESSOR] [INFO] Evento procesado: Position - Placa TXX-207
2026-03-09 01:53:43,745 [PROCESSOR] [INFO] Evento procesado: Position - Placa YGX-292
2026-03-09 01:53:43,798 [PROCESSOR] [INFO] Evento procesado: Position - Placa IHC-707
2026-03-09 01:53:43,820 [PROCESSOR] [INFO] Evento procesado: Position - Placa GSC-732
2026-03-09 01:53:43,821 [PROCESSOR] [INFO] Evento procesado: Position - Placa FWU-552
2026-03-09 01:53:43,835 [PROCESSOR] [INFO] Evento procesado: Position - Placa LOW-016
2026-03-09 01:53:43,835 [PROCESSOR] [INFO] Evento procesado: Position - Placa MQM-568
2026-03-09 01:53:43,836 [PROCESSOR] [INFO] Evento procesado: Position - Placa KOL-278
2026-03-09 01:53:43,840 [PROCESSOR] [INFO] Evento procesado: Position - Placa NGW-229
2026-03-09 01:53:43,841 [PROCESSOR] [INFO] Evento procesado: Position - Placa IXR-721
2026-03-09 01:53:43,842 [PROCESSOR] [INFO] Evento procesado: Position - Placa IWS-202
2026-03-09 01:53:43,847 [PROCESSOR] [INFO] Evento procesado: Position - Placa OCY-689
2026-03-09 01:53:43,903 [PROCESSOR] [INFO] Evento procesado: Position - Placa FBC-168
2026-03-09 01:53:43,924 [PROCESSOR] [INFO] Evento procesado: Position - Placa QXB-581
2026-03-09 01:53:43,924 [PROCESSOR] [INFO] Evento procesado: Position - Placa WQS-639
2026-03-09 01:53:43,943 [PROCESSOR] [INFO] Evento procesado: Position - Placa ZJE-077
2026-03-09 01:53:43,943 [PROCESSOR] [INFO] Evento procesado: Position - Placa GZF-697
2026-03-09 01:53:43,946 [PROCESSOR] [INFO] Evento procesado: Position - Placa FSV-187
2026-03-09 01:53:43,944 [PROCESSOR] [INFO] Evento procesado: Position - Placa WRP-747
2026-03-09 01:53:43,950 [PROCESSOR] [INFO] Evento procesado: Position - Placa PPA-176
2026-03-09 01:53:43,952 [PROCESSOR] [INFO] Evento procesado: Position - Placa TGM-666
2026-03-09 01:53:43,961 [PROCESSOR] [INFO] Evento procesado: Position - Placa OFR-382
2026-03-09 01:53:44,006 [PROCESSOR] [INFO] Evento procesado: Position - Placa YUE-266
2026-03-09 01:53:44,030 [PROCESSOR] [INFO] Evento procesado: Position - Placa VQS-031
2026-03-09 01:53:44,031 [PROCESSOR] [INFO] Evento procesado: Position - Placa YXH-076
2026-03-09 01:53:44,050 [PROCESSOR] [INFO] Evento procesado: Position - Placa YFZ-278
2026-03-09 01:53:44,051 [PROCESSOR] [INFO] Evento procesado: Position - Placa FRY-542
2026-03-09 01:53:44,052 [PROCESSOR] [INFO] Evento procesado: Position - Placa VUB-463
2026-03-09 01:53:44,051 [PROCESSOR] [INFO] Evento procesado: Position - Placa XOG-184
2026-03-09 01:53:44,055 [PROCESSOR] [INFO] Evento procesado: Position - Placa ZZR-141
2026-03-09 01:53:44,057 [PROCESSOR] [INFO] Evento procesado: Position - Placa SVT-259
2026-03-09 01:53:44,066 [PROCESSOR] [INFO] Evento procesado: Position - Placa NHH-361
2026-03-09 01:53:44,110 [PROCESSOR] [INFO] Evento procesado: Position - Placa WVP-211
2026-03-09 01:53:44,134 [PROCESSOR] [INFO] Evento procesado: Position - Placa LUH-671
2026-03-09 01:53:44,134 [PROCESSOR] [INFO] Evento procesado: Position - Placa YKW-797
2026-03-09 01:53:44,157 [PROCESSOR] [INFO] Evento procesado: Position - Placa WIE-244
2026-03-09 01:53:44,158 [PROCESSOR] [INFO] Evento procesado: Position - Placa TSM-695
2026-03-09 01:53:44,158 [PROCESSOR] [INFO] Evento procesado: Position - Placa QFG-338
2026-03-09 01:53:44,159 [PROCESSOR] [INFO] Evento procesado: Position - Placa CHD-284
2026-03-09 01:53:44,161 [PROCESSOR] [INFO] Evento procesado: Position - Placa YLH-599
2026-03-09 01:53:44,163 [PROCESSOR] [INFO] Evento procesado: Position - Placa MJV-013
2026-03-09 01:53:44,169 [PROCESSOR] [INFO] Evento procesado: Position - Placa MTT-919
2026-03-09 01:53:44,215 [PROCESSOR] [INFO] Evento procesado: Position - Placa CQJ-759
2026-03-09 01:53:44,240 [PROCESSOR] [INFO] Evento procesado: Position - Placa VVA-062
2026-03-09 01:53:44,240 [PROCESSOR] [INFO] Evento procesado: Position - Placa YVM-014
2026-03-09 01:53:44,263 [PROCESSOR] [INFO] Evento procesado: Position - Placa JMS-955
2026-03-09 01:53:44,265 [PROCESSOR] [INFO] Evento procesado: Position - Placa SHC-973
2026-03-09 01:53:44,266 [PROCESSOR] [INFO] Evento procesado: Position - Placa LOY-089
2026-03-09 01:53:44,266 [PROCESSOR] [INFO] Evento procesado: Position - Placa THN-906
2026-03-09 01:53:44,268 [PROCESSOR] [INFO] Evento procesado: Position - Placa GZP-257
2026-03-09 01:53:44,269 [PROCESSOR] [INFO] Evento procesado: Position - Placa GQT-699
2026-03-09 01:53:44,272 [PROCESSOR] [INFO] Evento procesado: Position - Placa AFB-734
2026-03-09 01:53:44,321 [PROCESSOR] [INFO] Evento procesado: Position - Placa DPK-799
2026-03-09 01:53:44,344 [PROCESSOR] [INFO] Evento procesado: Position - Placa PHZ-337
2026-03-09 01:53:44,344 [PROCESSOR] [INFO] Evento procesado: Position - Placa HCW-285
2026-03-09 01:53:44,373 [PROCESSOR] [INFO] Evento procesado: Position - Placa WRI-004
2026-03-09 01:53:44,373 [PROCESSOR] [INFO] Evento procesado: Position - Placa NXT-719
2026-03-09 01:53:44,373 [PROCESSOR] [INFO] Evento procesado: Position - Placa UZG-497
2026-03-09 01:53:44,373 [PROCESSOR] [INFO] Evento procesado: Position - Placa GQB-540
2026-03-09 01:53:44,375 [PROCESSOR] [INFO] Evento procesado: Position - Placa DNJ-063
2026-03-09 01:53:44,377 [PROCESSOR] [INFO] Evento procesado: Position - Placa QFW-182
2026-03-09 01:53:44,404 [PROCESSOR] [INFO] Evento procesado: Position - Placa SVK-555
2026-03-09 01:53:44,425 [PROCESSOR] [INFO] Evento procesado: Position - Placa JQL-878
2026-03-09 01:53:44,448 [PROCESSOR] [INFO] Evento procesado: Position - Placa ODA-867
2026-03-09 01:53:44,448 [PROCESSOR] [INFO] Evento procesado: Position - Placa SHX-789
2026-03-09 01:53:44,475 [PROCESSOR] [INFO] Evento procesado: Position - Placa TBX-250
2026-03-09 01:53:44,478 [PROCESSOR] [INFO] Evento procesado: Position - Placa XJS-988
2026-03-09 01:53:44,480 [PROCESSOR] [INFO] Evento procesado: Position - Placa MDX-872
2026-03-09 01:53:44,482 [PROCESSOR] [INFO] Evento procesado: Position - Placa NRI-538
2026-03-09 01:53:44,483 [PROCESSOR] [INFO] Evento procesado: Position - Placa PHM-869
2026-03-09 01:53:44,482 [PROCESSOR] [INFO] Evento procesado: Position - Placa IAO-739
2026-03-09 01:53:44,507 [PROCESSOR] [INFO] Evento procesado: Position - Placa YYD-081
2026-03-09 01:53:44,529 [PROCESSOR] [INFO] Evento procesado: Position - Placa UFB-839
2026-03-09 01:53:44,553 [PROCESSOR] [INFO] Evento procesado: Position - Placa WYI-197
2026-03-09 01:53:44,554 [PROCESSOR] [INFO] Evento procesado: Position - Placa RLM-962
2026-03-09 01:53:44,580 [PROCESSOR] [INFO] Evento procesado: Position - Placa QXV-972
2026-03-09 01:53:44,583 [PROCESSOR] [INFO] Evento procesado: Position - Placa WTC-828
2026-03-09 01:53:44,585 [PROCESSOR] [INFO] Evento procesado: Position - Placa QAJ-457
2026-03-09 01:53:44,586 [PROCESSOR] [INFO] Evento procesado: Position - Placa IIK-679
2026-03-09 01:53:44,586 [PROCESSOR] [INFO] Evento procesado: Position - Placa DFN-071
2026-03-09 01:53:44,587 [PROCESSOR] [INFO] Evento procesado: Position - Placa SZQ-082
2026-03-09 01:53:44,635 [PROCESSOR] [INFO] Evento procesado: Position - Placa SQS-554
2026-03-09 01:53:44,684 [PROCESSOR] [INFO] Evento procesado: Position - Placa OBO-477
2026-03-09 01:53:44,686 [PROCESSOR] [INFO] Evento procesado: Position - Placa WHJ-580
2026-03-09 01:53:44,686 [PROCESSOR] [INFO] Evento procesado: Position - Placa MYK-355
2026-03-09 01:53:44,687 [PROCESSOR] [INFO] Evento procesado: Position - Placa FNP-632
2026-03-09 01:53:44,689 [PROCESSOR] [INFO] Evento procesado: Position - Placa GTB-899
2026-03-09 01:53:44,689 [PROCESSOR] [INFO] Evento procesado: Position - Placa XKL-151
2026-03-09 01:53:44,692 [PROCESSOR] [INFO] Evento procesado: Position - Placa VCG-225
2026-03-09 01:53:44,692 [PROCESSOR] [INFO] Evento procesado: Position - Placa QAN-731
2026-03-09 01:53:44,692 [PROCESSOR] [INFO] Evento procesado: Position - Placa RTG-925
2026-03-09 01:53:44,758 [PROCESSOR] [INFO] Evento procesado: Position - Placa ZKQ-025
2026-03-09 01:53:44,788 [PROCESSOR] [INFO] Evento procesado: Position - Placa YMV-510
2026-03-09 01:53:44,789 [PROCESSOR] [INFO] Evento procesado: Position - Placa LPI-239
2026-03-09 01:53:44,791 [PROCESSOR] [INFO] Evento procesado: Position - Placa MEF-444
2026-03-09 01:53:44,792 [PROCESSOR] [INFO] Evento procesado: Position - Placa PBW-880
2026-03-09 01:53:44,793 [PROCESSOR] [INFO] Evento procesado: Position - Placa RZF-090
2026-03-09 01:53:44,793 [PROCESSOR] [INFO] Evento procesado: Position - Placa KXW-555
2026-03-09 01:53:44,797 [PROCESSOR] [INFO] Evento procesado: Position - Placa BQN-279
2026-03-09 01:53:44,799 [PROCESSOR] [INFO] Evento procesado: Position - Placa EGZ-870
2026-03-09 01:53:44,802 [PROCESSOR] [INFO] Evento procesado: Position - Placa HZF-070
2026-03-09 01:53:44,863 [PROCESSOR] [INFO] Evento procesado: Position - Placa BTJ-054
2026-03-09 01:53:44,891 [PROCESSOR] [INFO] Evento procesado: Position - Placa LIZ-423
2026-03-09 01:53:44,893 [PROCESSOR] [INFO] Evento procesado: Position - Placa XUW-867
2026-03-09 01:53:44,894 [PROCESSOR] [INFO] Evento procesado: Position - Placa XZZ-863
2026-03-09 01:53:44,895 [PROCESSOR] [INFO] Evento procesado: Position - Placa YGR-118
2026-03-09 01:53:44,898 [PROCESSOR] [INFO] Evento procesado: Position - Placa YCY-164
2026-03-09 01:53:44,898 [PROCESSOR] [INFO] Evento procesado: Position - Placa BSD-879
2026-03-09 01:53:44,900 [PROCESSOR] [INFO] Evento procesado: Position - Placa RUV-250
2026-03-09 01:53:44,905 [PROCESSOR] [INFO] Evento procesado: Position - Placa HFV-867
2026-03-09 01:53:44,905 [PROCESSOR] [INFO] Evento procesado: Position - Placa ZOC-175
2026-03-09 01:53:44,966 [PROCESSOR] [INFO] Evento procesado: Position - Placa XNQ-002
2026-03-09 01:53:44,996 [PROCESSOR] [INFO] Evento procesado: Position - Placa KEW-468
2026-03-09 01:53:44,998 [PROCESSOR] [INFO] Evento procesado: Position - Placa QDJ-647
2026-03-09 01:53:44,998 [PROCESSOR] [INFO] Evento procesado: Position - Placa ZAZ-001
2026-03-09 01:53:44,999 [PROCESSOR] [INFO] Evento procesado: Position - Placa GCS-023
2026-03-09 01:53:45,005 [PROCESSOR] [INFO] Evento procesado: Position - Placa XHO-238
2026-03-09 01:53:45,006 [PROCESSOR] [INFO] Evento procesado: Position - Placa YRA-008
2026-03-09 01:53:45,005 [PROCESSOR] [INFO] Evento procesado: Position - Placa ZNJ-388
2026-03-09 01:53:45,010 [PROCESSOR] [INFO] Evento procesado: Position - Placa AZB-680
2026-03-09 01:53:45,010 [PROCESSOR] [INFO] Evento procesado: Position - Placa DLQ-982
2026-03-09 01:53:45,071 [PROCESSOR] [INFO] Evento procesado: Position - Placa LBM-874
2026-03-09 01:53:45,105 [PROCESSOR] [INFO] Evento procesado: Position - Placa MYD-647
2026-03-09 01:53:45,105 [PROCESSOR] [INFO] Evento procesado: Position - Placa OCB-257
2026-03-09 01:53:45,106 [PROCESSOR] [INFO] Evento procesado: Position - Placa MST-411
2026-03-09 01:53:45,107 [PROCESSOR] [INFO] Evento procesado: Position - Placa JOV-261
2026-03-09 01:53:45,109 [PROCESSOR] [INFO] Evento procesado: Position - Placa GVS-688
2026-03-09 01:53:45,110 [PROCESSOR] [INFO] Evento procesado: Position - Placa KEO-433
2026-03-09 01:53:45,112 [PROCESSOR] [INFO] Evento procesado: Position - Placa AHU-432
2026-03-09 01:53:45,114 [PROCESSOR] [INFO] Evento procesado: Position - Placa UAP-286
2026-03-09 01:53:45,114 [PROCESSOR] [INFO] Evento procesado: Position - Placa NFI-532
2026-03-09 01:53:45,175 [PROCESSOR] [INFO] Evento procesado: Position - Placa ULM-299
2026-03-09 01:53:45,213 [PROCESSOR] [INFO] Evento procesado: Position - Placa ACP-513
2026-03-09 01:53:45,212 [PROCESSOR] [INFO] Evento procesado: Position - Placa MGV-879
2026-03-09 01:53:45,213 [PROCESSOR] [INFO] Evento procesado: Position - Placa MBP-888
2026-03-09 01:53:45,212 [PROCESSOR] [INFO] Evento procesado: Position - Placa QHF-444
2026-03-09 01:53:45,215 [PROCESSOR] [INFO] Evento procesado: Position - Placa HCJ-251
2026-03-09 01:53:45,215 [PROCESSOR] [INFO] Evento procesado: Position - Placa NBD-054
2026-03-09 01:53:45,216 [PROCESSOR] [INFO] Evento procesado: Position - Placa KYU-636
2026-03-09 01:53:45,216 [PROCESSOR] [INFO] Evento procesado: Position - Placa RVG-758
2026-03-09 01:53:45,218 [PROCESSOR] [INFO] Evento procesado: Position - Placa GKQ-582
2026-03-09 01:53:45,282 [PROCESSOR] [INFO] Evento procesado: Position - Placa AAN-928
2026-03-09 01:53:45,316 [PROCESSOR] [INFO] Evento procesado: Position - Placa QOS-479
2026-03-09 01:53:45,317 [PROCESSOR] [INFO] Evento procesado: Position - Placa MAT-408
2026-03-09 01:53:45,318 [PROCESSOR] [INFO] Evento procesado: Position - Placa MUE-179
2026-03-09 01:53:45,319 [PROCESSOR] [INFO] Evento procesado: Position - Placa LSV-418
2026-03-09 01:53:45,321 [PROCESSOR] [INFO] Evento procesado: Position - Placa LDF-820
2026-03-09 01:53:45,320 [PROCESSOR] [INFO] Evento procesado: Position - Placa LDW-595
2026-03-09 01:53:45,323 [PROCESSOR] [INFO] Evento procesado: Position - Placa DQW-242
2026-03-09 01:53:45,324 [PROCESSOR] [INFO] Evento procesado: Position - Placa UKR-101
2026-03-09 01:53:45,324 [PROCESSOR] [INFO] Evento procesado: Position - Placa NIB-193
2026-03-09 01:53:45,386 [PROCESSOR] [INFO] Evento procesado: Position - Placa GOZ-542
2026-03-09 01:53:45,420 [PROCESSOR] [INFO] Evento procesado: Position - Placa NXS-638
2026-03-09 01:53:45,422 [PROCESSOR] [INFO] Evento procesado: Position - Placa DLU-345
2026-03-09 01:53:45,423 [PROCESSOR] [INFO] Evento procesado: Position - Placa RLN-132
2026-03-09 01:53:45,424 [PROCESSOR] [INFO] Evento procesado: Position - Placa PTO-375
2026-03-09 01:53:45,426 [PROCESSOR] [INFO] Evento procesado: Position - Placa VXI-531
2026-03-09 01:53:45,426 [PROCESSOR] [INFO] Evento procesado: Position - Placa JHK-468
2026-03-09 01:53:45,429 [PROCESSOR] [INFO] Evento procesado: Position - Placa JXP-600
2026-03-09 01:53:45,429 [PROCESSOR] [INFO] Evento procesado: Position - Placa SCJ-862
2026-03-09 01:53:45,430 [PROCESSOR] [INFO] Evento procesado: Position - Placa KXE-434
2026-03-09 01:53:45,489 [PROCESSOR] [INFO] Evento procesado: Position - Placa CFX-236
2026-03-09 01:53:45,524 [PROCESSOR] [INFO] Evento procesado: Position - Placa ZEJ-483
2026-03-09 01:53:45,525 [PROCESSOR] [INFO] Evento procesado: Position - Placa UQO-812
2026-03-09 01:53:45,526 [PROCESSOR] [INFO] Evento procesado: Position - Placa UFK-278
2026-03-09 01:53:45,529 [PROCESSOR] [INFO] Evento procesado: Position - Placa FUA-646
2026-03-09 01:53:45,529 [PROCESSOR] [INFO] Evento procesado: Position - Placa MHD-240
2026-03-09 01:53:45,530 [PROCESSOR] [INFO] Evento procesado: Position - Placa QXG-959
2026-03-09 01:53:45,531 [PROCESSOR] [INFO] Evento procesado: Position - Placa WGS-741
2026-03-09 01:53:45,533 [PROCESSOR] [INFO] Evento procesado: Position - Placa HTB-056
2026-03-09 01:53:45,538 [PROCESSOR] [INFO] Evento procesado: Position - Placa BUK-609
2026-03-09 01:53:45,591 [PROCESSOR] [INFO] Evento procesado: Position - Placa QFP-672
2026-03-09 01:53:45,628 [PROCESSOR] [INFO] Evento procesado: Position - Placa MMI-147
2026-03-09 01:53:45,628 [PROCESSOR] [INFO] Evento procesado: Position - Placa LMC-285
2026-03-09 01:53:45,629 [PROCESSOR] [INFO] Evento procesado: Position - Placa OQA-501
2026-03-09 01:53:45,631 [PROCESSOR] [INFO] Evento procesado: Position - Placa SFC-885
2026-03-09 01:53:45,632 [PROCESSOR] [INFO] Evento procesado: Position - Placa RBG-868
2026-03-09 01:53:45,632 [PROCESSOR] [INFO] Evento procesado: Position - Placa JCB-628
2026-03-09 01:53:45,635 [PROCESSOR] [INFO] Evento procesado: Position - Placa NYK-038
2026-03-09 01:53:45,635 [PROCESSOR] [INFO] Evento procesado: Position - Placa CYC-519
2026-03-09 01:53:45,642 [PROCESSOR] [INFO] Evento procesado: Position - Placa KCI-688
2026-03-09 01:53:45,694 [PROCESSOR] [INFO] Evento procesado: Position - Placa SNN-031
2026-03-09 01:53:45,732 [PROCESSOR] [INFO] Evento procesado: Position - Placa TXI-253
2026-03-09 01:53:45,732 [PROCESSOR] [INFO] Evento procesado: Position - Placa ALX-130
2026-03-09 01:53:45,736 [PROCESSOR] [INFO] Evento procesado: Position - Placa SHU-731
2026-03-09 01:53:45,739 [PROCESSOR] [INFO] Evento procesado: Position - Placa SJR-077
2026-03-09 01:53:45,737 [PROCESSOR] [INFO] Evento procesado: Position - Placa TGE-388
2026-03-09 01:53:45,740 [PROCESSOR] [INFO] Evento procesado: Position - Placa UTX-369
2026-03-09 01:53:45,740 [PROCESSOR] [INFO] Evento procesado: Position - Placa GEB-581
2026-03-09 01:53:45,745 [PROCESSOR] [INFO] Evento procesado: Position - Placa VYX-071
2026-03-09 01:53:45,746 [PROCESSOR] [INFO] Evento procesado: Position - Placa QOO-296
2026-03-09 01:53:45,797 [PROCESSOR] [INFO] Evento procesado: Position - Placa SNA-797
2026-03-09 01:53:45,835 [PROCESSOR] [INFO] Evento procesado: Position - Placa DBS-091
2026-03-09 01:53:45,836 [PROCESSOR] [INFO] Evento procesado: Position - Placa WAQ-034
2026-03-09 01:53:45,840 [PROCESSOR] [INFO] Evento procesado: Position - Placa IMJ-354
2026-03-09 01:53:45,840 [PROCESSOR] [INFO] Evento procesado: Position - Placa RLA-696
2026-03-09 01:53:45,840 [PROCESSOR] [INFO] Evento procesado: Position - Placa KIJ-967
2026-03-09 01:53:45,843 [PROCESSOR] [INFO] Evento procesado: Position - Placa XMX-726
2026-03-09 01:53:45,843 [PROCESSOR] [INFO] Evento procesado: Position - Placa UWQ-326
2026-03-09 01:53:45,849 [PROCESSOR] [INFO] Evento procesado: Position - Placa DDY-546
2026-03-09 01:53:45,850 [PROCESSOR] [INFO] Evento procesado: Position - Placa IWU-044
2026-03-09 01:53:45,900 [PROCESSOR] [INFO] Evento procesado: Position - Placa QZE-187
2026-03-09 01:53:45,939 [PROCESSOR] [INFO] Evento procesado: Position - Placa FJS-390
2026-03-09 01:53:45,939 [PROCESSOR] [INFO] Evento procesado: Position - Placa DST-084
2026-03-09 01:53:45,942 [PROCESSOR] [INFO] Evento procesado: Position - Placa ABN-068
2026-03-09 01:53:45,943 [PROCESSOR] [INFO] Evento procesado: Position - Placa KFS-108
2026-03-09 01:53:45,944 [PROCESSOR] [INFO] Evento procesado: Position - Placa LHR-934
2026-03-09 01:53:45,946 [PROCESSOR] [INFO] Evento procesado: Position - Placa PAR-951
2026-03-09 01:53:45,946 [PROCESSOR] [INFO] Evento procesado: Position - Placa ISQ-816
2026-03-09 01:53:45,950 [PROCESSOR] [INFO] Evento procesado: Position - Placa IPJ-168
2026-03-09 01:53:45,952 [PROCESSOR] [INFO] Evento procesado: Position - Placa CKE-296
2026-03-09 01:53:46,002 [PROCESSOR] [INFO] Evento procesado: Position - Placa QQC-657
2026-03-09 01:53:46,041 [PROCESSOR] [INFO] Evento procesado: Position - Placa YKB-816
2026-03-09 01:53:46,042 [PROCESSOR] [INFO] Evento procesado: Position - Placa RSX-768
2026-03-09 01:53:46,045 [PROCESSOR] [INFO] Evento procesado: Position - Placa QES-857
2026-03-09 01:53:46,045 [PROCESSOR] [INFO] Evento procesado: Position - Placa YPV-068
2026-03-09 01:53:46,046 [PROCESSOR] [INFO] Evento procesado: Position - Placa NDF-591
2026-03-09 01:53:46,048 [PROCESSOR] [INFO] Evento procesado: Position - Placa MDK-264
2026-03-09 01:53:46,048 [PROCESSOR] [INFO] Evento procesado: Position - Placa KPH-092
2026-03-09 01:53:46,053 [PROCESSOR] [INFO] Evento procesado: Position - Placa OBV-657
2026-03-09 01:53:46,055 [PROCESSOR] [INFO] Evento procesado: Position - Placa OAT-287
2026-03-09 01:53:46,106 [PROCESSOR] [INFO] Evento procesado: Position - Placa FIP-192
2026-03-09 01:53:46,146 [PROCESSOR] [INFO] Evento procesado: Position - Placa TJJ-144
2026-03-09 01:53:46,146 [PROCESSOR] [INFO] Evento procesado: Position - Placa OYR-851
2026-03-09 01:53:46,149 [PROCESSOR] [INFO] Evento procesado: Position - Placa XGB-379
2026-03-09 01:53:46,149 [PROCESSOR] [INFO] Evento procesado: Position - Placa HLG-680
2026-03-09 01:53:46,149 [PROCESSOR] [INFO] Evento procesado: Position - Placa AXK-172
2026-03-09 01:53:46,152 [PROCESSOR] [INFO] Evento procesado: Position - Placa UOT-022
2026-03-09 01:53:46,152 [PROCESSOR] [INFO] Evento procesado: Position - Placa MEI-711
2026-03-09 01:53:46,157 [PROCESSOR] [INFO] Evento procesado: Position - Placa GKP-172
2026-03-09 01:53:46,158 [PROCESSOR] [INFO] Evento procesado: Position - Placa LQL-034
2026-03-09 01:53:46,210 [PROCESSOR] [INFO] Evento procesado: Position - Placa UZH-849
2026-03-09 01:53:46,252 [PROCESSOR] [INFO] Evento procesado: Position - Placa SLF-354
2026-03-09 01:53:46,251 [PROCESSOR] [INFO] Evento procesado: Position - Placa YPJ-859
2026-03-09 01:53:46,255 [PROCESSOR] [INFO] Evento procesado: Position - Placa PJC-651
2026-03-09 01:53:46,255 [PROCESSOR] [INFO] Evento procesado: Position - Placa ZKO-678
2026-03-09 01:53:46,257 [PROCESSOR] [INFO] Evento procesado: Position - Placa NWF-650
2026-03-09 01:53:46,262 [PROCESSOR] [INFO] Evento procesado: Position - Placa SXU-241
2026-03-09 01:53:46,260 [PROCESSOR] [INFO] Evento procesado: Position - Placa DEW-649
2026-03-09 01:53:46,271 [PROCESSOR] [INFO] Evento procesado: Position - Placa AEQ-538
2026-03-09 01:53:46,281 [PROCESSOR] [INFO] Evento procesado: Position - Placa OKQ-802
2026-03-09 01:53:46,314 [PROCESSOR] [INFO] Evento procesado: Position - Placa ZUD-227
2026-03-09 01:53:46,354 [PROCESSOR] [INFO] Evento procesado: Position - Placa HVL-509
2026-03-09 01:53:46,355 [PROCESSOR] [INFO] Evento procesado: Position - Placa QZN-774
2026-03-09 01:53:46,358 [PROCESSOR] [INFO] Evento procesado: Position - Placa ACG-309
2026-03-09 01:53:46,362 [PROCESSOR] [INFO] Evento procesado: Position - Placa XEY-702
2026-03-09 01:53:46,365 [PROCESSOR] [INFO] Evento procesado: Position - Placa HGX-629
2026-03-09 01:53:46,369 [PROCESSOR] [INFO] Evento procesado: Position - Placa ZSM-269
2026-03-09 01:53:46,374 [PROCESSOR] [INFO] Evento procesado: Position - Placa FEZ-860
2026-03-09 01:53:46,375 [PROCESSOR] [INFO] Evento procesado: Position - Placa XEG-662
2026-03-09 01:53:46,386 [PROCESSOR] [INFO] Evento procesado: Position - Placa UPY-685
2026-03-09 01:53:46,417 [PROCESSOR] [INFO] Evento procesado: Position - Placa HVN-159
2026-03-09 01:53:46,461 [PROCESSOR] [INFO] Evento procesado: Position - Placa SKL-666
2026-03-09 01:53:46,462 [PROCESSOR] [INFO] Evento procesado: Position - Placa SXV-775
2026-03-09 01:53:46,462 [PROCESSOR] [INFO] Evento procesado: Position - Placa FEM-067
2026-03-09 01:53:46,465 [PROCESSOR] [INFO] Evento procesado: Position - Placa QPB-472
2026-03-09 01:53:46,467 [PROCESSOR] [INFO] Evento procesado: Position - Placa RFB-943
2026-03-09 01:53:46,472 [PROCESSOR] [INFO] Evento procesado: Position - Placa OJI-941
2026-03-09 01:53:46,478 [PROCESSOR] [INFO] Evento procesado: Position - Placa GPU-310
2026-03-09 01:53:46,478 [PROCESSOR] [INFO] Evento procesado: Position - Placa RRG-518
2026-03-09 01:53:46,488 [PROCESSOR] [INFO] Evento procesado: Position - Placa LSH-391
2026-03-09 01:53:46,522 [PROCESSOR] [INFO] Evento procesado: Position - Placa UFY-448
2026-03-09 01:53:46,567 [PROCESSOR] [INFO] Evento procesado: Position - Placa YIN-342
2026-03-09 01:53:46,572 [PROCESSOR] [INFO] Evento procesado: Position - Placa NUT-435
2026-03-09 01:53:46,568 [PROCESSOR] [INFO] Evento procesado: Position - Placa ZBL-005
2026-03-09 01:53:46,575 [PROCESSOR] [INFO] Evento procesado: Position - Placa WKT-580
2026-03-09 01:53:46,576 [PROCESSOR] [INFO] Evento procesado: Position - Placa RRR-505
2026-03-09 01:53:46,578 [PROCESSOR] [INFO] Evento procesado: Position - Placa UQX-115
2026-03-09 01:53:46,582 [PROCESSOR] [INFO] Evento procesado: Position - Placa CWQ-034
2026-03-09 01:53:46,583 [PROCESSOR] [INFO] Evento procesado: Position - Placa SIR-750
2026-03-09 01:53:46,591 [PROCESSOR] [INFO] Evento procesado: Position - Placa AVU-044
2026-03-09 01:53:46,626 [PROCESSOR] [INFO] Evento procesado: Position - Placa LUE-560
2026-03-09 01:53:46,681 [PROCESSOR] [INFO] Evento procesado: Position - Placa UPL-633
2026-03-09 01:53:46,681 [PROCESSOR] [INFO] Evento procesado: Position - Placa QVN-865
2026-03-09 01:53:46,682 [PROCESSOR] [INFO] Evento procesado: Position - Placa ZWA-087
2026-03-09 01:53:46,682 [PROCESSOR] [INFO] Evento procesado: Position - Placa LYG-236
2026-03-09 01:53:46,684 [PROCESSOR] [INFO] Evento procesado: Position - Placa AYM-434
2026-03-09 01:53:46,686 [PROCESSOR] [INFO] Evento procesado: Position - Placa PJT-278
2026-03-09 01:53:46,688 [PROCESSOR] [INFO] Evento procesado: Position - Placa NBT-090
2026-03-09 01:53:46,688 [PROCESSOR] [INFO] Evento procesado: Position - Placa RBJ-030
2026-03-09 01:53:46,695 [PROCESSOR] [INFO] Evento procesado: Position - Placa USI-004
2026-03-09 01:53:46,733 [PROCESSOR] [INFO] Evento procesado: Position - Placa FAF-219
2026-03-09 01:53:46,789 [PROCESSOR] [INFO] Evento procesado: Position - Placa JFG-101
2026-03-09 01:53:46,789 [PROCESSOR] [INFO] Evento procesado: Position - Placa SFT-166
2026-03-09 01:53:46,790 [PROCESSOR] [INFO] Evento procesado: Position - Placa DWE-434
2026-03-09 01:53:46,793 [PROCESSOR] [INFO] Evento procesado: Position - Placa SIX-193
2026-03-09 01:53:46,794 [PROCESSOR] [INFO] Evento procesado: Position - Placa ZTZ-393
2026-03-09 01:53:46,791 [PROCESSOR] [INFO] Evento procesado: Position - Placa CDY-182
2026-03-09 01:53:46,793 [PROCESSOR] [INFO] Evento procesado: Position - Placa KBY-741
2026-03-09 01:53:46,796 [PROCESSOR] [INFO] Evento procesado: Position - Placa EAO-648
2026-03-09 01:53:46,800 [PROCESSOR] [INFO] Evento procesado: Position - Placa GRL-073
2026-03-09 01:53:46,840 [PROCESSOR] [INFO] Evento procesado: Position - Placa XRW-186
2026-03-09 01:53:46,896 [PROCESSOR] [INFO] Evento procesado: Position - Placa UDR-558
2026-03-09 01:53:46,901 [PROCESSOR] [INFO] Evento procesado: Position - Placa PER-210
2026-03-09 01:53:46,902 [PROCESSOR] [INFO] Evento procesado: Position - Placa QDT-011
2026-03-09 01:53:46,902 [PROCESSOR] [INFO] Evento procesado: Position - Placa QAZ-916
2026-03-09 01:53:46,903 [PROCESSOR] [INFO] Evento procesado: Position - Placa HDI-612
2026-03-09 01:53:46,903 [PROCESSOR] [INFO] Evento procesado: Position - Placa QKI-942
2026-03-09 01:53:46,906 [PROCESSOR] [INFO] Evento procesado: Position - Placa FSD-213
2026-03-09 01:53:46,910 [PROCESSOR] [INFO] Evento procesado: Position - Placa FOC-318
2026-03-09 01:53:46,906 [PROCESSOR] [INFO] Evento procesado: Position - Placa PLS-551
2026-03-09 01:53:46,945 [PROCESSOR] [INFO] Evento procesado: Position - Placa TSG-589
2026-03-09 01:53:47,002 [PROCESSOR] [INFO] Evento procesado: Position - Placa VNF-640
2026-03-09 01:53:47,008 [PROCESSOR] [INFO] Evento procesado: Position - Placa OZM-841
2026-03-09 01:53:47,008 [PROCESSOR] [INFO] Evento procesado: Position - Placa HXH-500
2026-03-09 01:53:47,010 [PROCESSOR] [INFO] Evento procesado: Position - Placa NCY-341
2026-03-09 01:53:47,011 [PROCESSOR] [INFO] Evento procesado: Position - Placa IKS-191
2026-03-09 01:53:47,013 [PROCESSOR] [INFO] Evento procesado: Position - Placa MOI-441
2026-03-09 01:53:47,014 [PROCESSOR] [INFO] Evento procesado: Position - Placa GGR-095
2026-03-09 01:53:47,015 [PROCESSOR] [INFO] Evento procesado: Position - Placa RWW-119
2026-03-09 01:53:47,016 [PROCESSOR] [INFO] Evento procesado: Position - Placa ZBM-377
2026-03-09 01:53:47,047 [PROCESSOR] [INFO] Evento procesado: Position - Placa USM-900
2026-03-09 01:53:47,113 [PROCESSOR] [INFO] Evento procesado: Position - Placa JBD-028
2026-03-09 01:53:47,153 [PROCESSOR] [INFO] Evento procesado: Position - Placa ODR-694
2026-03-09 01:53:47,154 [PROCESSOR] [INFO] Evento procesado: Position - Placa VOP-426
2026-03-09 01:53:47,155 [PROCESSOR] [INFO] Evento procesado: Position - Placa BSX-922
2026-03-09 01:53:47,153 [PROCESSOR] [INFO] Evento procesado: Position - Placa WPS-038
2026-03-09 01:53:47,155 [PROCESSOR] [INFO] Evento procesado: Position - Placa QZH-103
2026-03-09 01:53:47,157 [PROCESSOR] [INFO] Evento procesado: Position - Placa KNS-497
2026-03-09 01:53:47,157 [PROCESSOR] [INFO] Evento procesado: Position - Placa PDV-923
2026-03-09 01:53:47,160 [PROCESSOR] [INFO] Evento procesado: Position - Placa VZS-288
2026-03-09 01:53:47,184 [PROCESSOR] [INFO] Evento procesado: Position - Placa DIA-690
2026-03-09 01:53:47,229 [PROCESSOR] [INFO] Evento procesado: Position - Placa VNO-171
2026-03-09 01:53:47,258 [PROCESSOR] [INFO] Evento procesado: Position - Placa ALZ-065
2026-03-09 01:53:47,258 [PROCESSOR] [INFO] Evento procesado: Position - Placa IBY-889
2026-03-09 01:53:47,259 [PROCESSOR] [INFO] Evento procesado: Position - Placa BXT-807
2026-03-09 01:53:47,261 [PROCESSOR] [INFO] Evento procesado: Position - Placa YBM-146
2026-03-09 01:53:47,262 [PROCESSOR] [INFO] Evento procesado: Position - Placa AIK-270
2026-03-09 01:53:47,263 [PROCESSOR] [INFO] Evento procesado: Position - Placa ZGM-097
2026-03-09 01:53:47,262 [PROCESSOR] [INFO] Evento procesado: Position - Placa UTA-350
2026-03-09 01:53:47,272 [PROCESSOR] [INFO] Evento procesado: Position - Placa EEQ-377
2026-03-09 01:53:47,287 [PROCESSOR] [INFO] Evento procesado: Position - Placa KEN-679
2026-03-09 01:53:47,333 [PROCESSOR] [INFO] Evento procesado: Position - Placa IAU-391
2026-03-09 01:53:47,364 [PROCESSOR] [INFO] Evento procesado: Position - Placa TDZ-527
2026-03-09 01:53:47,365 [PROCESSOR] [INFO] Evento procesado: Position - Placa VFW-159
2026-03-09 01:53:47,365 [PROCESSOR] [INFO] Evento procesado: Position - Placa BEV-112
2026-03-09 01:53:47,370 [PROCESSOR] [INFO] Evento procesado: Position - Placa TFQ-157
2026-03-09 01:53:47,372 [PROCESSOR] [INFO] Evento procesado: Position - Placa EIL-702
2026-03-09 01:53:47,372 [PROCESSOR] [INFO] Evento procesado: Position - Placa XMV-942
2026-03-09 01:53:47,374 [PROCESSOR] [INFO] Evento procesado: Position - Placa DJX-826
2026-03-09 01:53:47,377 [PROCESSOR] [INFO] Evento procesado: Position - Placa ANN-223
2026-03-09 01:53:47,390 [PROCESSOR] [INFO] Evento procesado: Position - Placa WAO-482
2026-03-09 01:53:47,439 [PROCESSOR] [INFO] Evento procesado: Position - Placa BXQ-811
2026-03-09 01:53:47,474 [PROCESSOR] [INFO] Evento procesado: Position - Placa IMZ-959
2026-03-09 01:53:47,475 [PROCESSOR] [INFO] Evento procesado: Position - Placa UWJ-394
2026-03-09 01:53:47,478 [PROCESSOR] [INFO] Evento procesado: Position - Placa BPD-506
2026-03-09 01:53:47,478 [PROCESSOR] [INFO] Evento procesado: Position - Placa SHQ-566
2026-03-09 01:53:47,479 [PROCESSOR] [INFO] Evento procesado: Position - Placa ZVU-616
2026-03-09 01:53:47,481 [PROCESSOR] [INFO] Evento procesado: Position - Placa JSX-550
2026-03-09 01:53:47,482 [PROCESSOR] [INFO] Evento procesado: Position - Placa RHB-917
2026-03-09 01:53:47,483 [PROCESSOR] [INFO] Evento procesado: Position - Placa WTH-218
2026-03-09 01:53:47,492 [PROCESSOR] [INFO] Evento procesado: Position - Placa KJS-589
2026-03-09 01:53:47,543 [PROCESSOR] [INFO] Evento procesado: Position - Placa YOZ-329
2026-03-09 01:53:47,580 [PROCESSOR] [INFO] Evento procesado: Position - Placa ZPK-924
2026-03-09 01:53:47,580 [PROCESSOR] [INFO] Evento procesado: Position - Placa CMI-120
2026-03-09 01:53:47,584 [PROCESSOR] [INFO] Evento procesado: Position - Placa DUY-008
2026-03-09 01:53:47,584 [PROCESSOR] [INFO] Evento procesado: Position - Placa BZO-186
2026-03-09 01:53:47,586 [PROCESSOR] [INFO] Evento procesado: Position - Placa EXL-140
2026-03-09 01:53:47,587 [PROCESSOR] [INFO] Evento procesado: Position - Placa FSX-974
2026-03-09 01:53:47,586 [PROCESSOR] [INFO] Evento procesado: Position - Placa YWD-356
2026-03-09 01:53:47,589 [PROCESSOR] [INFO] Evento procesado: Position - Placa SFS-575
2026-03-09 01:53:47,595 [PROCESSOR] [INFO] Evento procesado: Position - Placa OWW-930
2026-03-09 01:53:47,647 [PROCESSOR] [INFO] Evento procesado: Position - Placa CQY-108
2026-03-09 01:53:47,687 [PROCESSOR] [INFO] Evento procesado: Position - Placa AIS-229
2026-03-09 01:53:47,687 [PROCESSOR] [INFO] Evento procesado: Position - Placa BLL-579
2026-03-09 01:53:47,692 [PROCESSOR] [INFO] Evento procesado: Position - Placa RZW-988
2026-03-09 01:53:47,693 [PROCESSOR] [INFO] Evento procesado: Position - Placa VKF-007
2026-03-09 01:53:47,693 [PROCESSOR] [INFO] Evento procesado: Position - Placa QSN-729
2026-03-09 01:53:47,694 [PROCESSOR] [INFO] Evento procesado: Position - Placa UYM-606
2026-03-09 01:53:47,696 [PROCESSOR] [INFO] Evento procesado: Position - Placa BWS-984
2026-03-09 01:53:47,698 [PROCESSOR] [INFO] Evento procesado: Position - Placa QBK-616
2026-03-09 01:53:47,699 [PROCESSOR] [INFO] Evento procesado: Position - Placa VEH-084
2026-03-09 01:53:47,754 [PROCESSOR] [INFO] Evento procesado: Position - Placa ZCL-806
2026-03-09 01:53:47,800 [PROCESSOR] [INFO] Evento procesado: Position - Placa PSL-295
2026-03-09 01:53:47,802 [PROCESSOR] [INFO] Evento procesado: Position - Placa LAU-107
2026-03-09 01:53:47,802 [PROCESSOR] [INFO] Evento procesado: Position - Placa LFU-270
2026-03-09 01:53:47,803 [PROCESSOR] [INFO] Evento procesado: Position - Placa SWP-425
2026-03-09 01:53:47,808 [PROCESSOR] [INFO] Evento procesado: Position - Placa AIW-078
2026-03-09 01:53:47,810 [PROCESSOR] [INFO] Evento procesado: Position - Placa NAQ-675
2026-03-09 01:53:47,808 [PROCESSOR] [INFO] Evento procesado: Position - Placa QRU-217
2026-03-09 01:53:47,809 [PROCESSOR] [INFO] Evento procesado: Position - Placa VDG-137
2026-03-09 01:53:47,813 [PROCESSOR] [INFO] Evento procesado: Position - Placa NBV-335
2026-03-09 01:53:47,859 [PROCESSOR] [INFO] Evento procesado: Position - Placa FSP-261
2026-03-09 01:53:47,909 [PROCESSOR] [INFO] Evento procesado: Position - Placa ZSC-586
2026-03-09 01:53:47,913 [PROCESSOR] [INFO] Evento procesado: Position - Placa YNY-309
2026-03-09 01:53:47,914 [PROCESSOR] [INFO] Evento procesado: Position - Placa YMV-048
2026-03-09 01:53:47,914 [PROCESSOR] [INFO] Evento procesado: Position - Placa XPM-538
2026-03-09 01:53:47,916 [PROCESSOR] [INFO] Evento procesado: Position - Placa XPF-636
2026-03-09 01:53:47,919 [PROCESSOR] [INFO] Evento procesado: Position - Placa KJU-195
2026-03-09 01:53:47,919 [PROCESSOR] [INFO] Evento procesado: Position - Placa FLE-009
2026-03-09 01:53:47,920 [PROCESSOR] [INFO] Evento procesado: Position - Placa PKQ-249
2026-03-09 01:53:47,923 [PROCESSOR] [INFO] Evento procesado: Position - Placa UBV-458
2026-03-09 01:53:47,963 [PROCESSOR] [INFO] Evento procesado: Position - Placa FMV-914
2026-03-09 01:53:48,015 [PROCESSOR] [INFO] Evento procesado: Position - Placa DPV-353
2026-03-09 01:53:48,020 [PROCESSOR] [INFO] Evento procesado: Position - Placa BDR-442
2026-03-09 01:53:48,021 [PROCESSOR] [INFO] Evento procesado: Position - Placa FOG-356
2026-03-09 01:53:48,025 [PROCESSOR] [INFO] Evento procesado: Position - Placa PRK-727
2026-03-09 01:53:48,025 [PROCESSOR] [INFO] Evento procesado: Position - Placa MOR-227
2026-03-09 01:53:48,026 [PROCESSOR] [INFO] Evento procesado: Position - Placa SYL-862
2026-03-09 01:53:48,025 [PROCESSOR] [INFO] Evento procesado: Position - Placa ISV-750
2026-03-09 01:53:48,026 [PROCESSOR] [INFO] Evento procesado: Position - Placa HTG-017
2026-03-09 01:53:48,029 [PROCESSOR] [INFO] Evento procesado: Position - Placa UFQ-269
2026-03-09 01:53:48,068 [PROCESSOR] [INFO] Evento procesado: Position - Placa TFR-340
2026-03-09 01:53:48,122 [PROCESSOR] [INFO] Evento procesado: Position - Placa TYF-884
2026-03-09 01:53:48,125 [PROCESSOR] [INFO] Evento procesado: Position - Placa HZZ-254
2026-03-09 01:53:48,125 [PROCESSOR] [INFO] Evento procesado: Position - Placa KVK-396
2026-03-09 01:53:48,128 [PROCESSOR] [INFO] Evento procesado: Position - Placa TAZ-826
2026-03-09 01:53:48,129 [PROCESSOR] [INFO] Evento procesado: Position - Placa UZY-424
2026-03-09 01:53:48,132 [PROCESSOR] [INFO] Evento procesado: Position - Placa OUG-999
2026-03-09 01:53:48,133 [PROCESSOR] [INFO] Evento procesado: Position - Placa RFY-436
2026-03-09 01:53:48,133 [PROCESSOR] [INFO] Evento procesado: Position - Placa LKF-686
2026-03-09 01:53:48,135 [PROCESSOR] [INFO] Evento procesado: Position - Placa KIN-940
2026-03-09 01:53:48,172 [PROCESSOR] [INFO] Evento procesado: Position - Placa QZX-279
2026-03-09 01:53:48,228 [PROCESSOR] [INFO] Evento procesado: Position - Placa CRA-865
2026-03-09 01:53:48,232 [PROCESSOR] [INFO] Evento procesado: Position - Placa WLX-534
2026-03-09 01:53:48,233 [PROCESSOR] [INFO] Evento procesado: Position - Placa CLH-665
2026-03-09 01:53:48,238 [PROCESSOR] [INFO] Evento procesado: Position - Placa LLL-746
2026-03-09 01:53:48,239 [PROCESSOR] [INFO] Evento procesado: Position - Placa AOE-871
2026-03-09 01:53:48,239 [PROCESSOR] [INFO] Evento procesado: Position - Placa BJK-732
2026-03-09 01:53:48,242 [PROCESSOR] [INFO] Evento procesado: Position - Placa VFL-904
2026-03-09 01:53:48,243 [PROCESSOR] [INFO] Evento procesado: Position - Placa CKP-903
2026-03-09 01:53:48,243 [PROCESSOR] [INFO] Evento procesado: Position - Placa DEM-448
2026-03-09 01:53:48,276 [PROCESSOR] [INFO] Evento procesado: Position - Placa HXP-640
2026-03-09 01:53:48,337 [PROCESSOR] [INFO] Evento procesado: Position - Placa XTK-552
2026-03-09 01:53:48,342 [PROCESSOR] [INFO] Evento procesado: Position - Placa PSX-061
2026-03-09 01:53:48,343 [PROCESSOR] [INFO] Evento procesado: Position - Placa PZX-763
2026-03-09 01:53:48,346 [PROCESSOR] [INFO] Evento procesado: Position - Placa LOS-952
2026-03-09 01:53:48,346 [PROCESSOR] [INFO] Evento procesado: Position - Placa PHA-892
2026-03-09 01:53:48,349 [PROCESSOR] [INFO] Evento procesado: Emergency - Placa ITT-647
2026-03-09 01:53:48,349 [PROCESSOR] [INFO] Evento procesado: Position - Placa ZVW-184
2026-03-09 01:53:48,350 [PROCESSOR] [INFO] Evento procesado: Position - Placa OVH-029
2026-03-09 01:53:48,349 [PROCESSOR] [INFO] Evento procesado: Position - Placa ZSZ-916
2026-03-09 01:53:48,351 [PROCESSOR] [INFO] Detectado Emergency: {'type': 'Emergency', 'vehicle_plate': 'ITT-647', 'coordinates': {'latitude': 69.994432, 'longitude': 86.604414}, 'status': 'OK', 'received_at': '2026-03-09T01:53:48.348277'}
2026-03-09 01:53:48,384 [PROCESSOR] [INFO] Evento procesado: Position - Placa WWN-235
2026-03-09 01:53:48,442 [PROCESSOR] [INFO] Evento procesado: Position - Placa GQA-392
2026-03-09 01:53:48,446 [PROCESSOR] [INFO] Evento procesado: Position - Placa TCG-788
2026-03-09 01:53:48,449 [PROCESSOR] [INFO] Evento procesado: Position - Placa LKO-197
2026-03-09 01:53:48,451 [PROCESSOR] [INFO] Evento procesado: Position - Placa VFH-472
2026-03-09 01:53:48,454 [PROCESSOR] [INFO] Evento procesado: Position - Placa TQF-378
2026-03-09 01:53:48,454 [PROCESSOR] [INFO] Evento procesado: Emergency - Placa UCB-061
2026-03-09 01:53:48,456 [PROCESSOR] [INFO] Detectado Emergency: {'type': 'Emergency', 'vehicle_plate': 'UCB-061', 'coordinates': {'latitude': -77.39416, 'longitude': 38.218644}, 'status': 'OK', 'received_at': '2026-03-09T01:53:48.453528'}
2026-03-09 01:53:50,379 [PROCESSOR] [INFO] Correo notificado correctamente en intento 1
2026-03-09 01:53:50,879 [PROCESSOR] [INFO] Correo notificado correctamente en intento 1
2026-03-09 01:53:50,884 [PROCESSOR] [INFO] Evento procesado: Position - Placa CFR-911
2026-03-09 01:53:50,885 [PROCESSOR] [INFO] Evento procesado: Position - Placa CZC-374
